 flightControlSystem_sfun

 Timestamp is 68ea2527 (Sat Oct 11 10:36:39 2025)

 Preferred load address is 0000000180000000

 Start         Length     Name                   Class
 0001:00000000 0001f230H .text$mn                CODE
 0001:0001f230 00000036H .text$mn$00             CODE
 0001:0001f266 00000092H .text$x                 CODE
 0002:00000000 000004f8H .idata$5                DATA
 0002:000004f8 00000038H .00cfg                  DATA
 0002:00000530 00000008H .CRT$XCA                DATA
 0002:00000538 00000008H .CRT$XCZ                DATA
 0002:00000540 00000008H .CRT$XIA                DATA
 0002:00000548 00000008H .CRT$XIZ                DATA
 0002:00000550 00000008H .CRT$XPA                DATA
 0002:00000558 00000008H .CRT$XPZ                DATA
 0002:00000560 00000008H .CRT$XTA                DATA
 0002:00000568 00000008H .CRT$XTZ                DATA
 0002:00000570 00000000H .gehcont$y              DATA
 0002:00000570 00000000H .gfids$y                DATA
 0002:00000570 00000390H .rdata                  DATA
 0002:00000900 00000080H .rdata$CastGuardVftablesA DATA
 0002:00000980 00000080H .rdata$CastGuardVftablesC DATA
 0002:00000a00 000001a0H .rdata$voltmd           DATA
 0002:00000ba0 00000278H .rdata$zzzdbg           DATA
 0002:00000e18 00000008H .rtc$IAA                DATA
 0002:00000e20 00000008H .rtc$IZZ                DATA
 0002:00000e28 00000008H .rtc$TAA                DATA
 0002:00000e30 00000008H .rtc$TZZ                DATA
 0002:00000e38 00000af8H .xdata                  DATA
 0002:00001930 00000084H .edata                  DATA
 0002:000019b4 0000012cH .idata$2                DATA
 0002:00001ae0 00000018H .idata$3                DATA
 0002:00001af8 000004f8H .idata$4                DATA
 0002:00001ff0 00000d96H .idata$6                DATA
 0003:00000000 0000add0H .data                   DATA
 0003:0000add0 00000c50H .bss                    DATA
 0004:00000000 00000d5cH .pdata                  DATA

  Address         Publics by Value              Rva+Base               Lib:Object

 0000:00000000       __AbsoluteZero             0000000000000000     <absolute>
 0000:00000000       ___safe_se_handler_count   0000000000000000     <absolute>
 0000:00000000       ___safe_se_handler_table   0000000000000000     <absolute>
 0000:00000000       __arm64x_extra_rfe_table   0000000000000000     <absolute>
 0000:00000000       __arm64x_extra_rfe_table_size 0000000000000000     <absolute>
 0000:00000000       __arm64x_native_entrypoint 0000000000000000     <absolute>
 0000:00000000       __arm64x_redirection_metadata 0000000000000000     <absolute>
 0000:00000000       __arm64x_redirection_metadata_count 0000000000000000     <absolute>
 0000:00000000       __dynamic_value_reloc_table 0000000000000000     <absolute>
 0000:00000000       __enclave_config           0000000000000000     <absolute>
 0000:00000000       __guard_check_icall_a64n_fptr 0000000000000000     <absolute>
 0000:00000000       __guard_eh_cont_count      0000000000000000     <absolute>
 0000:00000000       __guard_eh_cont_table      0000000000000000     <absolute>
 0000:00000000       __guard_fids_count         0000000000000000     <absolute>
 0000:00000000       __guard_fids_table         0000000000000000     <absolute>
 0000:00000000       __guard_iat_count          0000000000000000     <absolute>
 0000:00000000       __guard_iat_table          0000000000000000     <absolute>
 0000:00000000       __guard_longjmp_count      0000000000000000     <absolute>
 0000:00000000       __guard_longjmp_table      0000000000000000     <absolute>
 0000:00000000       __hybrid_auxiliary_delayload_iat 0000000000000000     <absolute>
 0000:00000000       __hybrid_auxiliary_delayload_iat_copy 0000000000000000     <absolute>
 0000:00000000       __hybrid_auxiliary_iat     0000000000000000     <absolute>
 0000:00000000       __hybrid_auxiliary_iat_copy 0000000000000000     <absolute>
 0000:00000000       __hybrid_code_map          0000000000000000     <absolute>
 0000:00000000       __hybrid_code_map_count    0000000000000000     <absolute>
 0000:00000000       __hybrid_image_info_bitfield 0000000000000000     <absolute>
 0000:00000000       __x64_code_ranges_to_entry_points 0000000000000000     <absolute>
 0000:00000000       __x64_code_ranges_to_entry_points_count 0000000000000000     <absolute>
 0000:00000100       __guard_flags              0000000000000100     <absolute>
 0000:00000000       __ImageBase                0000000180000000     <linker-defined>
 0001:00000000       flightControlSystem_initializer 0000000180001000 f   flightControlSystem_sfun.obj
 0001:00000010       flightControlSystem_terminator 0000000180001010 f   flightControlSystem_sfun.obj
 0001:00000020       load_flightControlSystem_optimization_info 0000000180001020 f   flightControlSystem_sfun.obj
 0001:000000d0       unload_flightControlSystem_optimization_info 00000001800010d0 f   flightControlSystem_sfun.obj
 0001:00000100       sf_flightControlSystem_method_dispatcher 0000000180001100 f   flightControlSystem_sfun.obj
 0001:00000150       sf_flightControlSystem_process_check_sum_call 0000000180001150 f   flightControlSystem_sfun.obj
 0001:00000650       sf_flightControlSystem_get_eml_resolved_functions_info 0000000180001650 f   flightControlSystem_sfun.obj
 0001:00000840       sf_flightControlSystem_third_party_uses_info 0000000180001840 f   flightControlSystem_sfun.obj
 0001:00000a10       sf_flightControlSystem_jit_fallback_info 0000000180001a10 f   flightControlSystem_sfun.obj
 0001:00000be0       sf_flightControlSystem_get_post_codegen_info 0000000180001be0 f   flightControlSystem_sfun.obj
 0001:00000dc0       sf_flightControlSystem_updateBuildInfo_args_info 0000000180001dc0 f   flightControlSystem_sfun.obj
 0001:00000f90       sf_c4_flightControlSystem_get_eml_resolved_functions_info 0000000180001f90 f   c4_flightControlSystem.obj
 0001:00001010       sf_c4_flightControlSystem_get_check_sum 0000000180002010 f   c4_flightControlSystem.obj
 0001:000010e0       c4_flightControlSystem_method_dispatcher 00000001800020e0 f   c4_flightControlSystem.obj
 0001:00011fe0       sf_c4_flightControlSystem_third_party_uses_info 0000000180012fe0 f   c4_flightControlSystem.obj
 0001:00012060       sf_c4_flightControlSystem_jit_fallback_info 0000000180013060 f   c4_flightControlSystem.obj
 0001:000121f0       sf_c4_flightControlSystem_updateBuildInfo_args_info 00000001800131f0 f   c4_flightControlSystem.obj
 0001:00012520       sf_c4_flightControlSystem_get_post_codegen_info 0000000180013520 f   c4_flightControlSystem.obj
 0001:00012a00       mexFunction                0000000180013a00 f   flightControlSystem_sfun_registry.obj
 0001:00015340       _ssSetInputPortDirectFeedThroughFcn 0000000180016340 f   flightControlSystem_sfun_registry.obj
 0001:000154b0       _ssSetRWorkValueFcn        00000001800164b0 f   flightControlSystem_sfun_registry.obj
 0001:00015530       _ssGetRWorkValueFcn        0000000180016530 f   flightControlSystem_sfun_registry.obj
 0001:000155a0       _ssSetIWorkValueFcn        00000001800165a0 f   flightControlSystem_sfun_registry.obj
 0001:00015620       _ssGetIWorkValueFcn        0000000180016620 f   flightControlSystem_sfun_registry.obj
 0001:00015690       _ssSetPWorkValueFcn        0000000180016690 f   flightControlSystem_sfun_registry.obj
 0001:00015710       _ssGetPWorkValueFcn        0000000180016710 f   flightControlSystem_sfun_registry.obj
 0001:00015780       _ssGetInputPortSignalFcn   0000000180016780 f   flightControlSystem_sfun_registry.obj
 0001:00015b10       _ssGetInputPortBufferDstPortFcn 0000000180016b10 f   flightControlSystem_sfun_registry.obj
 0001:00015b90       _ssGetInputPortSignalPtrsFcn 0000000180016b90 f   flightControlSystem_sfun_registry.obj
 0001:00015f20       ssGetParameterTuningCompliance 0000000180016f20 f   flightControlSystem_sfun_registry.obj
 0001:00015f90       _ssReadInputStringFcn      0000000180016f90 f   flightControlSystem_sfun_registry.obj
 0001:00016000       ssGetDTypeIdFromMxArray    0000000180017000 f   flightControlSystem_sfun_registry.obj
 0001:00016120       ssWriteRTWMx2dMatParam     0000000180017120 f   flightControlSystem_sfun_registry.obj
 0001:000161b0       ssWriteRTWMxVectParam      00000001800171b0 f   flightControlSystem_sfun_registry.obj
 0001:00016230       ssWriteRTWParameters       0000000180017230 f   flightControlSystem_sfun_registry.obj
 0001:000167f0       ssWriteRTWParamSettings    00000001800177f0 f   flightControlSystem_sfun_registry.obj
 0001:00016ee0       ssWriteRTWStr              0000000180017ee0 f   flightControlSystem_sfun_registry.obj
 0001:00016f40       ssWriteRTWWorkVect         0000000180017f40 f   flightControlSystem_sfun_registry.obj
 0001:000174a0       ssWarning                  00000001800184a0 f   flightControlSystem_sfun_registry.obj
 0001:00017590       ssGetRootSS                0000000180018590 f   flightControlSystem_sfun_registry.obj
 0001:00017650       ssGetParentSS              0000000180018650 f   flightControlSystem_sfun_registry.obj
 0001:00017710       ssWriteRTWNameValuePair    0000000180018710 f   flightControlSystem_sfun_registry.obj
 0001:00017c10       _ssSetInputPortMatrixDimensions 0000000180018c10 f   flightControlSystem_sfun_registry.obj
 0001:00017d60       _ssSetOutputPortMatrixDimensions 0000000180018d60 f   flightControlSystem_sfun_registry.obj
 0001:00017eb0       _ssSetInputPortVectorDimension 0000000180018eb0 f   flightControlSystem_sfun_registry.obj
 0001:00017f60       _ssSetOutputPortVectorDimension 0000000180018f60 f   flightControlSystem_sfun_registry.obj
 0001:00018010       ssIsRunTimeParamTunable    0000000180019010 f   flightControlSystem_sfun_registry.obj
 0001:00018080       ssGetSFuncBlockHandle      0000000180019080 f   flightControlSystem_sfun_registry.obj
 0001:000180f0       _ssGetCallSystemNumFcnCallDestinations 00000001800190f0 f   flightControlSystem_sfun_registry.obj
 0001:00018160       _ssGetCurrentInputPortWidth 0000000180019160 f   flightControlSystem_sfun_registry.obj
 0001:000182a0       _ssGetCurrentOutputPortWidth 00000001800192a0 f   flightControlSystem_sfun_registry.obj
 0001:000183e0       ssGetIsZeroCrossControlDisabled 00000001800193e0 f   flightControlSystem_sfun_registry.obj
 0001:00018450       ssSetIsInputPortUsedForContZcSignal 0000000180019450 f   flightControlSystem_sfun_registry.obj
 0001:000184c0       ssSetZcSignalIsZcElementDisc 00000001800194c0 f   flightControlSystem_sfun_registry.obj
 0001:00018570       ssSetZcSignalName          0000000180019570 f   flightControlSystem_sfun_registry.obj
 0001:000185e0       ssSetZcSignalWidth         00000001800195e0 f   flightControlSystem_sfun_registry.obj
 0001:00018650       ssSetZcSignalZcEventType   0000000180019650 f   flightControlSystem_sfun_registry.obj
 0001:000186c0       ssSetZcSignalType          00000001800196c0 f   flightControlSystem_sfun_registry.obj
 0001:00018730       ssSetZcSignalZcTol         0000000180019730 f   flightControlSystem_sfun_registry.obj
 0001:000187a0       ssSetZcSignalNeedsEventNotification 00000001800197a0 f   flightControlSystem_sfun_registry.obj
 0001:00018810       ssCreateAndAddZcSignalInfo 0000000180019810 f   flightControlSystem_sfun_registry.obj
 0001:00018880       ssCloneAndAddZcSignalInfo  0000000180019880 f   flightControlSystem_sfun_registry.obj
 0001:000188f0       ssGetNumZcSignals          00000001800198f0 f   flightControlSystem_sfun_registry.obj
 0001:00018960       ssGetZcSignalVector        0000000180019960 f   flightControlSystem_sfun_registry.obj
 0001:000189d0       ssGetZcSignalName          00000001800199d0 f   flightControlSystem_sfun_registry.obj
 0001:00018a40       ssGetZcSignalWidth         0000000180019a40 f   flightControlSystem_sfun_registry.obj
 0001:00018ab0       ssGetZcSignalZcEventType   0000000180019ab0 f   flightControlSystem_sfun_registry.obj
 0001:00018b20       ssGetZcSignalZcEvents      0000000180019b20 f   flightControlSystem_sfun_registry.obj
 0001:00018b90       ssGetZcSignalType          0000000180019b90 f   flightControlSystem_sfun_registry.obj
 0001:00018c00       ssGetZcSignalZcTol         0000000180019c00 f   flightControlSystem_sfun_registry.obj
 0001:00018c80       ssGetZcSignalNeedsEventNotification 0000000180019c80 f   flightControlSystem_sfun_registry.obj
 0001:00018cf0       ssGetZcSignalIsZcElementDisc 0000000180019cf0 f   flightControlSystem_sfun_registry.obj
 0001:00018d90       ssGetIsInputPortElementContinuous 0000000180019d90 f   flightControlSystem_sfun_registry.obj
 0001:00018e30       _ssGetAbsTol               0000000180019e30 f   flightControlSystem_sfun_registry.obj
 0001:00018ea0       _ssSetStateAbsTol          0000000180019ea0 f   flightControlSystem_sfun_registry.obj
 0001:00018f80       _ssSetInputPortReusableFcn 0000000180019f80 f   flightControlSystem_sfun_registry.obj
 0001:00019080       _ssSetOutputPortReusableFcn 000000018001a080 f   flightControlSystem_sfun_registry.obj
 0001:00019180       _ssSetSymbolicDimsSupport  000000018001a180 f   flightControlSystem_sfun_registry.obj
 0001:000191f0       _ssRegisterSymbolicDimsExpr 000000018001a1f0 f   flightControlSystem_sfun_registry.obj
 0001:00019270       _ssRegisterSymbolicDimsMATLABExpr 000000018001a270 f   flightControlSystem_sfun_registry.obj
 0001:00019300       _ssRegisterSymbolicDims    000000018001a300 f   flightControlSystem_sfun_registry.obj
 0001:000193a0       _ssRegisterSymbolicDimsString 000000018001a3a0 f   flightControlSystem_sfun_registry.obj
 0001:00019420       _ssRegisterSymbolicDimsIntValue 000000018001a420 f   flightControlSystem_sfun_registry.obj
 0001:00019490       _ssRegisterSymbolicEqualRelation 000000018001a490 f   flightControlSystem_sfun_registry.obj
 0001:00019500       _ssRegisterSymbolicEqualValue 000000018001a500 f   flightControlSystem_sfun_registry.obj
 0001:00019570       _ssAmendLeadingSymbolicDims 000000018001a570 f   flightControlSystem_sfun_registry.obj
 0001:000195f0       _ssAmendTrailingSymbolicDims 000000018001a5f0 f   flightControlSystem_sfun_registry.obj
 0001:00019670       _ssRegisterSymbolicDimsPlus 000000018001a670 f   flightControlSystem_sfun_registry.obj
 0001:000196f0       _ssRegisterSymbolicDimsMinus 000000018001a6f0 f   flightControlSystem_sfun_registry.obj
 0001:00019770       _ssRegisterSymbolicDimsMultiply 000000018001a770 f   flightControlSystem_sfun_registry.obj
 0001:000197f0       _ssRegisterSymbolicDimsDivide 000000018001a7f0 f   flightControlSystem_sfun_registry.obj
 0001:00019870       _ssGetNumSymbolicDims      000000018001a870 f   flightControlSystem_sfun_registry.obj
 0001:000198e0       _ssGetSymbolicDim          000000018001a8e0 f   flightControlSystem_sfun_registry.obj
 0001:00019960       _ssSetInputPortSymbolicDimsId 000000018001a960 f   flightControlSystem_sfun_registry.obj
 0001:000199d0       _ssGetCompInputPortSymbolicDimsId 000000018001a9d0 f   flightControlSystem_sfun_registry.obj
 0001:00019a40       _ssSetCompInputPortSymbolicDimsId 000000018001aa40 f   flightControlSystem_sfun_registry.obj
 0001:00019ab0       _ssSetOutputPortSymbolicDimsId 000000018001aab0 f   flightControlSystem_sfun_registry.obj
 0001:00019b20       _ssGetCompOutputPortSymbolicDimsId 000000018001ab20 f   flightControlSystem_sfun_registry.obj
 0001:00019b90       _ssSetCompOutputPortSymbolicDimsId 000000018001ab90 f   flightControlSystem_sfun_registry.obj
 0001:00019c00       _ssGetDWorkSymbolicDimsId  000000018001ac00 f   flightControlSystem_sfun_registry.obj
 0001:00019c70       _ssSetDWorkSymbolicDimsId  000000018001ac70 f   flightControlSystem_sfun_registry.obj
 0001:00019ce0       _ssGetCompDWorkSymbolicDimsId 000000018001ace0 f   flightControlSystem_sfun_registry.obj
 0001:00019d50       _ssSetCompDWorkSymbolicDimsId 000000018001ad50 f   flightControlSystem_sfun_registry.obj
 0001:00019dc0       _ssCreateSLCGStringBuffer  000000018001adc0 f   flightControlSystem_sfun_registry.obj
 0001:00019e30       _ssAddToSLCGStringBuffer   000000018001ae30 f   flightControlSystem_sfun_registry.obj
 0001:00019ea0       _ssGetPointerContainedData 000000018001aea0 f   flightControlSystem_sfun_registry.obj
 0001:00019f30       _ssGetPointerContainedDataWidth 000000018001af30 f   flightControlSystem_sfun_registry.obj
 0001:00019fc0       _ssRegisterDynamicArrayDataTypeFcn 000000018001afc0 f   flightControlSystem_sfun_registry.obj
 0001:0001a060       _ssGetDynamicArrayContainedDataCurrentWidthFcn 000000018001b060 f   flightControlSystem_sfun_registry.obj
 0001:0001a130       _ssGetDynamicArrayContainedDataFcn 000000018001b130 f   flightControlSystem_sfun_registry.obj
 0001:0001a200       _ssGetInputPortDynamicArrayDataFcn 000000018001b200 f   flightControlSystem_sfun_registry.obj
 0001:0001a2c0       _ssGetOutputPortDynamicArrayDataFcn 000000018001b2c0 f   flightControlSystem_sfun_registry.obj
 0001:0001a380       _ssGetInputPortDynamicArrayContainedDataFcn 000000018001b380 f   flightControlSystem_sfun_registry.obj
 0001:0001a440       _ssGetOutputPortDynamicArrayContainedDataFcn 000000018001b440 f   flightControlSystem_sfun_registry.obj
 0001:0001a500       _ssGetDynamicArrayDWorkContainedDataFcn 000000018001b500 f   flightControlSystem_sfun_registry.obj
 0001:0001a5c0       sf_process_check_sum_call  000000018001b5c0 f   flightControlSystem_sfun_registry.obj
 0001:0001a610       sf_process_get_third_party_uses_info_call 000000018001b610 f   flightControlSystem_sfun_registry.obj
 0001:0001a840       sf_process_get_jit_fallback_info_call 000000018001b840 f   flightControlSystem_sfun_registry.obj
 0001:0001aa70       sf_process_get_post_codegen_info_call 000000018001ba70 f   flightControlSystem_sfun_registry.obj
 0001:0001aca0       sf_process_get_updateBuildInfo_args_info_call 000000018001bca0 f   flightControlSystem_sfun_registry.obj
 0001:0001aed0       sf_process_get_eml_resolved_functions_info_call 000000018001bed0 f   flightControlSystem_sfun_registry.obj
 0001:0001b100       sf_mex_unlock_call         000000018001c100 f   flightControlSystem_sfun_registry.obj
 0001:0001b320       sf_machine_global_initializer_called 000000018001c320 f   flightControlSystem_sfun_registry.obj
 0001:0001b350       sf_machine_global_method_dispatcher 000000018001c350 f   flightControlSystem_sfun_registry.obj
 0001:0001b3b0       sf_machine_global_terminator 000000018001c3b0 f   flightControlSystem_sfun_registry.obj
 0001:0001b3f0       callCustomFcn              000000018001c3f0 f   flightControlSystem_sfun_registry.obj
 0001:0001b400       sf_machine_global_initializer 000000018001c400 f   flightControlSystem_sfun_registry.obj
 0001:0001b430       mdlGetSimState             000000018001c430 f   flightControlSystem_sfun_registry.obj
 0001:0001b470       mdlSetSimState             000000018001c470 f   flightControlSystem_sfun_registry.obj
 0001:0001be20       ProcessMexSfunctionEveryCall 000000018001ce20 f   flightControlSystem_sfun_registry.obj
 0001:0001cfb0       __local_stdio_printf_options 000000018001dfb0 f i flightControlSystem_sfun_registry.obj
 0001:0001cfc0       _vsnprintf_l               000000018001dfc0 f i flightControlSystem_sfun_registry.obj
 0001:0001d040       _vsprintf_l                000000018001e040 f i flightControlSystem_sfun_registry.obj
 0001:0001d090       sprintf                    000000018001e090 f i flightControlSystem_sfun_registry.obj
 0001:0001d0e0       mexfilerequiredapiversion  000000018001e0e0 f   c_mexapi_version.obj
 0001:0001d110       getBitfieldFromFloat       000000018001e110 f   half_type.obj
 0001:0001d140       getFloatFromBitfield       000000018001e140 f   half_type.obj
 0001:0001d170       getBitfieldFromHalf        000000018001e170 f   half_type.obj
 0001:0001d190       getHalfFromBitfield        000000018001e190 f   half_type.obj
 0001:0001d1c0       halfToFloat                000000018001e1c0 f   half_type.obj
 0001:0001d340       halfToDouble               000000018001e340 f   half_type.obj
 0001:0001d370       floatToHalf                000000018001e370 f   half_type.obj
 0001:0001d5d0       doubleToHalf               000000018001e5d0 f   half_type.obj
 0001:0001d8bb       ippreconstruct_uint8       000000018001e8bb f   libmwippreconstruct:libmwippreconstruct.dll
 0001:0001d8c1       LAPACKE_dgeqp3             000000018001e8c1 f   libmwlapack:libmwlapack.dll
 0001:0001d8c7       LAPACKE_dormqr             000000018001e8c7 f   libmwlapack:libmwlapack.dll
 0001:0001d8cd       sf_load_rtw_optimization_info 000000018001e8cd f   sf_runtime:sf_runtime.dll
 0001:0001d8d3       sf_mex_decode              000000018001e8d3 f   sf_runtime:sf_runtime.dll
 0001:0001d8d9       sf_init_ChartRunTimeInfo   000000018001e8d9 f   sf_runtime:sf_runtime.dll
 0001:0001d8df       sf_free_ChartRunTimeInfo   000000018001e8df f   sf_runtime:sf_runtime.dll
 0001:0001d8e5       sf_reset_warnings_ChartRunTimeInfo 000000018001e8e5 f   sf_runtime:sf_runtime.dll
 0001:0001d8eb       sfrtGetEmlrtCtx            000000018001e8eb f   sf_runtime:sf_runtime.dll
 0001:0001d8f1       sfrtGetCovrtInstance       000000018001e8f1 f   sf_runtime:sf_runtime.dll
 0001:0001d8f7       sf_get_chart_instance_ptr  000000018001e8f7 f   sf_runtime:sf_runtime.dll
 0001:0001d8fd       sfSetAnimationVectors      000000018001e8fd f   sf_runtime:sf_runtime.dll
 0001:0001d903       sim_mode_is_rtw_gen        000000018001e903 f   sf_runtime:sf_runtime.dll
 0001:0001d909       sim_mode_is_external       000000018001e909 f   sf_runtime:sf_runtime.dll
 0001:0001d90f       sf_clear_rtw_identifier    000000018001e90f f   sf_runtime:sf_runtime.dll
 0001:0001d915       sf_get_time                000000018001e915 f   sf_runtime:sf_runtime.dll
 0001:0001d91b       sf_set_work_widths         000000018001e91b f   sf_runtime:sf_runtime.dll
 0001:0001d921       mdlProcessParamsCommon     000000018001e921 f   sf_runtime:sf_runtime.dll
 0001:0001d927       sf_mex_call                000000018001e927 f   sf_runtime:sf_runtime.dll
 0001:0001d92d       sf_mex_error_message       000000018001e92d f   sf_runtime:sf_runtime.dll
 0001:0001d933       sf_mex_create              000000018001e933 f   sf_runtime:sf_runtime.dll
 0001:0001d939       sf_mex_createcellmatrix    000000018001e939 f   sf_runtime:sf_runtime.dll
 0001:0001d93f       sf_mex_setcell             000000018001e93f f   sf_runtime:sf_runtime.dll
 0001:0001d945       sf_mex_getcell             000000018001e945 f   sf_runtime:sf_runtime.dll
 0001:0001d94b       sf_mex_assign              000000018001e94b f   sf_runtime:sf_runtime.dll
 0001:0001d951       sf_mex_dup                 000000018001e951 f   sf_runtime:sf_runtime.dll
 0001:0001d957       sf_mex_destroy             000000018001e957 f   sf_runtime:sf_runtime.dll
 0001:0001d95d       sf_mex_import              000000018001e95d f   sf_runtime:sf_runtime.dll
 0001:0001d963       ssGetInputPortSignal_wrapper 000000018001e963 f   sf_runtime:sf_runtime.dll
 0001:0001d969       ssGetOutputPortSignal_wrapper 000000018001e969 f   sf_runtime:sf_runtime.dll
 0001:0001d96f       sf_get_ChartInfoStruct_CodeGen 000000018001e96f f   sf_runtime:sf_runtime.dll
 0001:0001d975       sf_get_hasSeparateUpdateOutputs 000000018001e975 f   sf_runtime:sf_runtime.dll
 0001:0001d97b       callMdlMethodAndReportError 000000018001e97b f   sf_runtime:sf_runtime.dll
 0001:0001d981       call_sf_machine_global_method_dispatcher 000000018001e981 f   sf_runtime:sf_runtime.dll
 0001:0001d987       getRuntimeInstanceInfoAsVoid 000000018001e987 f   sf_runtime:sf_runtime.dll
 0001:0001d98d       sf_mex_error_direct_call   000000018001e98d f   sf_runtime:sf_runtime.dll
 0001:0001d993       sf_clear_error_manager_info 000000018001e993 f   sf_runtime:sf_runtime.dll
 0001:0001d999       mxIsChar_800               000000018001e999 f   libmx:libmx.dll
 0001:0001d99f       mxGetScalar_800            000000018001e99f f   libmx:libmx.dll
 0001:0001d9a5       mxGetPr_800                000000018001e9a5 f   libmx:libmx.dll
 0001:0001d9ab       mxDestroyArray_800         000000018001e9ab f   libmx:libmx.dll
 0001:0001d9b1       mxCreateDoubleMatrix_800   000000018001e9b1 f   libmx:libmx.dll
 0001:0001d9b7       mxGetString_800            000000018001e9b7 f   libmx:libmx.dll
 0001:0001d9bd       mxDuplicateArray_800       000000018001e9bd f   libmx:libmx.dll
 0001:0001d9c3       mxSetCell_800              000000018001e9c3 f   libmx:libmx.dll
 0001:0001d9c9       mxSetField_800             000000018001e9c9 f   libmx:libmx.dll
 0001:0001d9cf       mxCreateString_800         000000018001e9cf f   libmx:libmx.dll
 0001:0001d9d5       mxCreateCellMatrix_800     000000018001e9d5 f   libmx:libmx.dll
 0001:0001d9db       mxCreateStructMatrix_800   000000018001e9db f   libmx:libmx.dll
 0001:0001d9e1       mxGetNaN_800               000000018001e9e1 f   libmx:libmx.dll
 0001:0001d9e7       mxCalloc_800               000000018001e9e7 f   libmx:libmx.dll
 0001:0001d9ed       mxGetM_800                 000000018001e9ed f   libmx:libmx.dll
 0001:0001d9f3       mxGetClassID_800           000000018001e9f3 f   libmx:libmx.dll
 0001:0001d9f9       mxIsNumeric_800            000000018001e9f9 f   libmx:libmx.dll
 0001:0001d9ff       mxIsComplex_800            000000018001e9ff f   libmx:libmx.dll
 0001:0001da05       mxGetN_800                 000000018001ea05 f   libmx:libmx.dll
 0001:0001da0b       mxCreateDoubleScalar_800   000000018001ea0b f   libmx:libmx.dll
 0001:0001da11       mexMakeArrayPersistent_800 000000018001ea11 f   libmex:libmex.dll
 0001:0001da17       mexErrMsgTxt_800           000000018001ea17 f   libmex:libmex.dll
 0001:0001da1d       mexWarnMsgTxt_800          000000018001ea1d f   libmex:libmex.dll
 0001:0001da23       mexCallMATLAB_800          000000018001ea23 f   libmex:libmex.dll
 0001:0001da29       mexLock_800                000000018001ea29 f   libmex:libmex.dll
 0001:0001da2f       mexUnlock_800              000000018001ea2f f   libmex:libmex.dll
 0001:0001da35       mexIsLocked_800            000000018001ea35 f   libmex:libmex.dll
 0001:0001da3b       utMalloc                   000000018001ea3b f   libut:libut.dll
 0001:0001da41       utFree                     000000018001ea41 f   libut:libut.dll
 0001:0001da47       muDoubleScalarAbs          000000018001ea47 f   libmwmathutil:libmwmathutil.dll
 0001:0001da4d       muDoubleScalarCeil         000000018001ea4d f   libmwmathutil:libmwmathutil.dll
 0001:0001da53       muDoubleScalarFloor        000000018001ea53 f   libmwmathutil:libmwmathutil.dll
 0001:0001da59       muDoubleScalarRound        000000018001ea59 f   libmwmathutil:libmwmathutil.dll
 0001:0001da5f       muDoubleScalarCos          000000018001ea5f f   libmwmathutil:libmwmathutil.dll
 0001:0001da65       muDoubleScalarAtan2        000000018001ea65 f   libmwmathutil:libmwmathutil.dll
 0001:0001da6b       muDoubleScalarMax          000000018001ea6b f   libmwmathutil:libmwmathutil.dll
 0001:0001da71       muDoubleScalarMin          000000018001ea71 f   libmwmathutil:libmwmathutil.dll
 0001:0001da77       muDoubleScalarSin          000000018001ea77 f   libmwmathutil:libmwmathutil.dll
 0001:0001da7d       muIntScalarMin_sint32      000000018001ea7d f   libmwmathutil:libmwmathutil.dll
 0001:0001da83       emlrtLicenseCheckR2022a    000000018001ea83 f   libemlrt:libemlrt.dll
 0001:0001da89       emlrtDynamicBoundsCheckR2012b 000000018001ea89 f   libemlrt:libemlrt.dll
 0001:0001da8f       emlrtSizeMulR2012b         000000018001ea8f f   libemlrt:libemlrt.dll
 0001:0001da95       emlrtIntegerCheckR2012b    000000018001ea95 f   libemlrt:libemlrt.dll
 0001:0001da9b       emlrtNonNegativeCheckR2012b 000000018001ea9b f   libemlrt:libemlrt.dll
 0001:0001daa1       emlrtForLoopVectorCheckR2021a 000000018001eaa1 f   libemlrt:libemlrt.dll
 0001:0001daa7       emlrtMallocMex             000000018001eaa7 f   libemlrt:libemlrt.dll
 0001:0001daad       emlrtFreeMex               000000018001eaad f   libemlrt:libemlrt.dll
 0001:0001dab3       emlrtHeapAllocationErrorR2012b 000000018001eab3 f   libemlrt:libemlrt.dll
 0001:0001dab9       covrtCreateStateflowInstanceData 000000018001eab9 f   libcovrt:libcovrt.dll
 0001:0001dabf       covrtDeleteStateflowInstanceData 000000018001eabf f   libcovrt:libcovrt.dll
 0001:0001dac5       covrtTransInitFcn          000000018001eac5 f   libcovrt:libcovrt.dll
 0001:0001dacb       covrtStateInitFcn          000000018001eacb f   libcovrt:libcovrt.dll
 0001:0001dad1       covrtChartInitFcn          000000018001ead1 f   libcovrt:libcovrt.dll
 0001:0001dad7       covrtRelationalopUpdateFcn 000000018001ead7 f   libcovrt:libcovrt.dll
 0001:0001dadd       covrtSigUpdateFcn          000000018001eadd f   libcovrt:libcovrt.dll
 0001:0001dae3       covrtSigUpdateFcnAssumingCovEnabled 000000018001eae3 f   libcovrt:libcovrt.dll
 0001:0001dae9       covrtIsSigCovEnabledFcn    000000018001eae9 f   libcovrt:libcovrt.dll
 0001:0001daef       covrtEmlInitFcn            000000018001eaef f   libcovrt:libcovrt.dll
 0001:0001daf5       covrtEmlFcnInitFcn         000000018001eaf5 f   libcovrt:libcovrt.dll
 0001:0001dafb       covrtEmlIfInitFcn          000000018001eafb f   libcovrt:libcovrt.dll
 0001:0001db01       covrtEmlMCDCInitFcn        000000018001eb01 f   libcovrt:libcovrt.dll
 0001:0001db07       covrtEmlRelationalInitFcn  000000018001eb07 f   libcovrt:libcovrt.dll
 0001:0001db0d       covrtEmlFcnEval            000000018001eb0d f   libcovrt:libcovrt.dll
 0001:0001db13       covrtEmlIfEval             000000018001eb13 f   libcovrt:libcovrt.dll
 0001:0001db19       covrtEmlCondEval           000000018001eb19 f   libcovrt:libcovrt.dll
 0001:0001db1f       covrtEmlMcdcEval           000000018001eb1f f   libcovrt:libcovrt.dll
 0001:0001db28       __raise_securityfailure    000000018001eb28 f   MSVCRT:gs_report.obj
 0001:0001db5c       __report_gsfailure         000000018001eb5c f   MSVCRT:gs_report.obj
 0001:0001dc30       __report_rangecheckfailure 000000018001ec30 f   MSVCRT:gs_report.obj
 0001:0001dc44       __report_securityfailure   000000018001ec44 f   MSVCRT:gs_report.obj
 0001:0001dce4       __report_securityfailureEx 000000018001ece4 f   MSVCRT:gs_report.obj
 0001:0001ded8       __GSHandlerCheck           000000018001eed8 f   MSVCRT:gshandler.obj
 0001:0001def8       __GSHandlerCheckCommon     000000018001eef8 f   MSVCRT:gshandler.obj
 0001:0001df70       __security_check_cookie    000000018001ef70 f   MSVCRT:amdsecgs.obj
 0001:0001dfa0       __chkstk                   000000018001efa0 f   MSVCRT:chkstk.obj
 0001:0001dfa0       _alloca_probe              000000018001efa0 f   MSVCRT:chkstk.obj
 0001:0001e320       _CRT_INIT                  000000018001f320 f   MSVCRT:dll_dllmain.obj
 0001:0001e328       _DllMainCRTStartup         000000018001f328 f   MSVCRT:dll_dllmain.obj
 0001:0001e3d8       __security_init_cookie     000000018001f3d8 f   MSVCRT:gs_support.obj
 0001:0001e488       DllMain                    000000018001f488 f   MSVCRT:dll_dllmain_stub.obj
 0001:0001e4ac       ?__scrt_initialize_type_info@@YAXXZ 000000018001f4ac f   MSVCRT:tncleanup.obj
 0001:0001e4bc       ?__scrt_uninitialize_type_info@@YAXXZ 000000018001f4bc f   MSVCRT:tncleanup.obj
 0001:0001e4c8       __local_stdio_scanf_options 000000018001f4c8 f i MSVCRT:default_local_stdio_options.obj
 0001:0001e4d0       __scrt_initialize_default_local_stdio_options 000000018001f4d0 f   MSVCRT:default_local_stdio_options.obj
 0001:0001e4ec       ?configure_argv@__scrt_narrow_argv_policy@@SAHXZ 000000018001f4ec f i MSVCRT:utility.obj
 0001:0001e54c       ?initialize_environment@__scrt_narrow_environment_policy@@SAHXZ 000000018001f54c f i MSVCRT:utility.obj
 0001:0001e584       NtCurrentTeb               000000018001f584 f i MSVCRT:utility.obj
 0001:0001e590       __scrt_acquire_startup_lock 000000018001f590 f   MSVCRT:utility.obj
 0001:0001e5cc       __scrt_dllmain_after_initialize_c 000000018001f5cc f   MSVCRT:utility.obj
 0001:0001e600       __scrt_dllmain_before_initialize_c 000000018001f600 f   MSVCRT:utility.obj
 0001:0001e618       __scrt_dllmain_crt_thread_attach 000000018001f618 f   MSVCRT:utility.obj
 0001:0001e640       __scrt_dllmain_crt_thread_detach 000000018001f640 f   MSVCRT:utility.obj
 0001:0001e658       __scrt_dllmain_exception_filter 000000018001f658 f   MSVCRT:utility.obj
 0001:0001e6b8       __scrt_dllmain_uninitialize_c 000000018001f6b8 f   MSVCRT:utility.obj
 0001:0001e6e8       __scrt_dllmain_uninitialize_critical 000000018001f6e8 f   MSVCRT:utility.obj
 0001:0001e6fc       __scrt_initialize_crt      000000018001f6fc f   MSVCRT:utility.obj
 0001:0001e738       __scrt_initialize_onexit_tables 000000018001f738 f   MSVCRT:utility.obj
 0001:0001e7c4       __scrt_is_nonwritable_in_current_image 000000018001f7c4 f   MSVCRT:utility.obj
 0001:0001e85c       __scrt_release_startup_lock 000000018001f85c f   MSVCRT:utility.obj
 0001:0001e880       __scrt_uninitialize_crt    000000018001f880 f   MSVCRT:utility.obj
 0001:0001e8ac       _onexit                    000000018001f8ac f   MSVCRT:utility.obj
 0001:0001e8e8       at_quick_exit              000000018001f8e8 f   MSVCRT:utility.obj
 0001:0001e908       atexit                     000000018001f908 f   MSVCRT:utility.obj
 0001:0001e920       __scrt_get_dyn_tls_init_callback 000000018001f920 f   MSVCRT:dyn_tls_init.obj
 0001:0001e928       __crt_debugger_hook        000000018001f928 f   MSVCRT:utility_desktop.obj
 0001:0001e934       __scrt_fastfail            000000018001f934 f   MSVCRT:utility_desktop.obj
 0001:0001ea80       __scrt_get_show_window_mode 000000018001fa80 f   MSVCRT:utility_desktop.obj
 0001:0001eabc       __scrt_initialize_mta      000000018001fabc f   MSVCRT:utility_desktop.obj
 0001:0001eac4       __scrt_initialize_winrt    000000018001fac4 f   MSVCRT:utility_desktop.obj
 0001:0001eac8       __scrt_is_managed_app      000000018001fac8 f   MSVCRT:utility_desktop.obj
 0001:0001eb1c       __scrt_set_unhandled_exception_filter 000000018001fb1c f   MSVCRT:utility_desktop.obj
 0001:0001eb2c       __scrt_exe_initialize_mta  000000018001fb2c f   MSVCRT:utility_desktop.obj
 0001:0001eb2c       __scrt_stub_for_initialize_mta 000000018001fb2c f   MSVCRT:utility_desktop.obj
 0001:0001eb30       __scrt_unhandled_exception_filter 000000018001fb30 f   MSVCRT:utility_desktop.obj
 0001:0001eb94       _RTC_Initialize            000000018001fb94 f   MSVCRT:initsect.obj
 0001:0001ebd0       _RTC_Terminate             000000018001fbd0 f   MSVCRT:initsect.obj
 0001:0001ec0c       _guard_check_icall_nop     000000018001fc0c f i MSVCRT:guard_support.obj
 0001:0001ec10       ReadNoFence64              000000018001fc10 f i MSVCRT:guard_support.obj
 0001:0001ec14       ReadPointerNoFence         000000018001fc14 f i MSVCRT:guard_support.obj
 0001:0001ec18       __castguard_check_failure_debugbreak 000000018001fc18 f i MSVCRT:guard_support.obj
 0001:0001ec34       __castguard_check_failure_fastfail 000000018001fc34 f i MSVCRT:guard_support.obj
 0001:0001ec58       __castguard_check_failure_nop 000000018001fc58 f i MSVCRT:guard_support.obj
 0001:0001ec5c       __castguard_check_failure_os_handled 000000018001fc5c f i MSVCRT:guard_support.obj
 0001:0001eca8       __castguard_check_failure_user_handled 000000018001fca8 f i MSVCRT:guard_support.obj
 0001:0001ed1c       __castguard_set_user_handler 000000018001fd1c f i MSVCRT:guard_support.obj
 0001:0001ed28       __castguard_slow_path_check_debugbreak 000000018001fd28 f i MSVCRT:guard_support.obj
 0001:0001ed5c       __castguard_slow_path_check_fastfail 000000018001fd5c f i MSVCRT:guard_support.obj
 0001:0001ed98       __castguard_slow_path_check_nop 000000018001fd98 f i MSVCRT:guard_support.obj
 0001:0001ed9c       __castguard_slow_path_check_os_handled 000000018001fd9c f i MSVCRT:guard_support.obj
 0001:0001ede8       __castguard_slow_path_check_user_handled 000000018001fde8 f i MSVCRT:guard_support.obj
 0001:0001ee54       _guard_icall_checks_enforced 000000018001fe54 f i MSVCRT:guard_support.obj
 0001:0001ee6c       _guard_rf_checks_enforced  000000018001fe6c f i MSVCRT:guard_support.obj
 0001:0001ee70       __isa_available_init       000000018001fe70 f   MSVCRT:cpu_disp.obj
 0001:0001f108       _get_startup_argv_mode     0000000180020108 f   MSVCRT:argv_mode.obj
 0001:0001f110       __scrt_is_ucrt_dll_in_use  0000000180020110 f   MSVCRT:ucrt_detection.obj
 0001:0001f120       RtlCaptureContext          0000000180020120 f   kernel32:KERNEL32.dll
 0001:0001f126       RtlLookupFunctionEntry     0000000180020126 f   kernel32:KERNEL32.dll
 0001:0001f12c       RtlVirtualUnwind           000000018002012c f   kernel32:KERNEL32.dll
 0001:0001f132       UnhandledExceptionFilter   0000000180020132 f   kernel32:KERNEL32.dll
 0001:0001f138       SetUnhandledExceptionFilter 0000000180020138 f   kernel32:KERNEL32.dll
 0001:0001f13e       GetCurrentProcess          000000018002013e f   kernel32:KERNEL32.dll
 0001:0001f144       TerminateProcess           0000000180020144 f   kernel32:KERNEL32.dll
 0001:0001f14a       IsProcessorFeaturePresent  000000018002014a f   kernel32:KERNEL32.dll
 0001:0001f150       QueryPerformanceCounter    0000000180020150 f   kernel32:KERNEL32.dll
 0001:0001f156       GetCurrentProcessId        0000000180020156 f   kernel32:KERNEL32.dll
 0001:0001f15c       GetCurrentThreadId         000000018002015c f   kernel32:KERNEL32.dll
 0001:0001f162       GetSystemTimeAsFileTime    0000000180020162 f   kernel32:KERNEL32.dll
 0001:0001f168       DisableThreadLibraryCalls  0000000180020168 f   kernel32:KERNEL32.dll
 0001:0001f16e       InitializeSListHead        000000018002016e f   kernel32:KERNEL32.dll
 0001:0001f174       IsDebuggerPresent          0000000180020174 f   kernel32:KERNEL32.dll
 0001:0001f17a       GetStartupInfoW            000000018002017a f   kernel32:KERNEL32.dll
 0001:0001f180       GetModuleHandleW           0000000180020180 f   kernel32:KERNEL32.dll
 0001:0001f186       memcpy                     0000000180020186 f   vcruntime:VCRUNTIME140.dll
 0001:0001f18c       memset                     000000018002018c f   vcruntime:VCRUNTIME140.dll
 0001:0001f192       __C_specific_handler       0000000180020192 f   vcruntime:VCRUNTIME140.dll
 0001:0001f198       __std_type_info_destroy_list 0000000180020198 f   vcruntime:VCRUNTIME140.dll
 0001:0001f19e       __current_exception        000000018002019e f   vcruntime:VCRUNTIME140.dll
 0001:0001f1a4       __current_exception_context 00000001800201a4 f   vcruntime:VCRUNTIME140.dll
 0001:0001f1aa       strcmp                     00000001800201aa f   ucrt:api-ms-win-crt-string-l1-1-0.dll
 0001:0001f1b0       strcat                     00000001800201b0 f   ucrt:api-ms-win-crt-string-l1-1-0.dll
 0001:0001f1b6       __stdio_common_vsprintf    00000001800201b6 f   ucrt:api-ms-win-crt-stdio-l1-1-0.dll
 0001:0001f1bc       free                       00000001800201bc f   ucrt:api-ms-win-crt-heap-l1-1-0.dll
 0001:0001f1c2       malloc                     00000001800201c2 f   ucrt:api-ms-win-crt-heap-l1-1-0.dll
 0001:0001f1c8       strlen                     00000001800201c8 f   ucrt:api-ms-win-crt-string-l1-1-0.dll
 0001:0001f1ce       _initterm                  00000001800201ce f   ucrt:api-ms-win-crt-runtime-l1-1-0.dll
 0001:0001f1d4       _initterm_e                00000001800201d4 f   ucrt:api-ms-win-crt-runtime-l1-1-0.dll
 0001:0001f1da       _seh_filter_dll            00000001800201da f   ucrt:api-ms-win-crt-runtime-l1-1-0.dll
 0001:0001f1e0       _configure_narrow_argv     00000001800201e0 f   ucrt:api-ms-win-crt-runtime-l1-1-0.dll
 0001:0001f1e6       _initialize_narrow_environment 00000001800201e6 f   ucrt:api-ms-win-crt-runtime-l1-1-0.dll
 0001:0001f1ec       _initialize_onexit_table   00000001800201ec f   ucrt:api-ms-win-crt-runtime-l1-1-0.dll
 0001:0001f1f2       _register_onexit_function  00000001800201f2 f   ucrt:api-ms-win-crt-runtime-l1-1-0.dll
 0001:0001f1f8       _execute_onexit_table      00000001800201f8 f   ucrt:api-ms-win-crt-runtime-l1-1-0.dll
 0001:0001f1fe       _crt_atexit                00000001800201fe f   ucrt:api-ms-win-crt-runtime-l1-1-0.dll
 0001:0001f204       _crt_at_quick_exit         0000000180020204 f   ucrt:api-ms-win-crt-runtime-l1-1-0.dll
 0001:0001f20a       _cexit                     000000018002020a f   ucrt:api-ms-win-crt-runtime-l1-1-0.dll
 0001:0001f210       terminate                  0000000180020210 f   ucrt:api-ms-win-crt-runtime-l1-1-0.dll
 0001:0001f218       __acrt_initialize          0000000180020218 f   MSVCRT:ucrt_stubs.obj
 0001:0001f218       __scrt_stub_for_acrt_initialize 0000000180020218 f   MSVCRT:ucrt_stubs.obj
 0001:0001f218       __vcrt_initialize          0000000180020218 f   MSVCRT:ucrt_stubs.obj
 0001:0001f21c       __acrt_thread_attach       000000018002021c f   MSVCRT:ucrt_stubs.obj
 0001:0001f21c       __scrt_stub_for_acrt_thread_attach 000000018002021c f   MSVCRT:ucrt_stubs.obj
 0001:0001f21c       __vcrt_thread_attach       000000018002021c f   MSVCRT:ucrt_stubs.obj
 0001:0001f220       __acrt_thread_detach       0000000180020220 f   MSVCRT:ucrt_stubs.obj
 0001:0001f220       __scrt_stub_for_acrt_thread_detach 0000000180020220 f   MSVCRT:ucrt_stubs.obj
 0001:0001f220       __vcrt_thread_detach       0000000180020220 f   MSVCRT:ucrt_stubs.obj
 0001:0001f224       __acrt_uninitialize        0000000180020224 f   MSVCRT:ucrt_stubs.obj
 0001:0001f224       __scrt_stub_for_acrt_uninitialize 0000000180020224 f   MSVCRT:ucrt_stubs.obj
 0001:0001f224       __vcrt_uninitialize        0000000180020224 f   MSVCRT:ucrt_stubs.obj
 0001:0001f228       __acrt_uninitialize_critical 0000000180020228 f   MSVCRT:ucrt_stubs.obj
 0001:0001f228       __scrt_stub_for_acrt_uninitialize_critical 0000000180020228 f   MSVCRT:ucrt_stubs.obj
 0001:0001f228       __vcrt_uninitialize_critical 0000000180020228 f   MSVCRT:ucrt_stubs.obj
 0001:0001f22c       __scrt_stub_for_is_c_termination_complete 000000018002022c f   MSVCRT:ucrt_stubs.obj
 0001:0001f22c       _is_c_termination_complete 000000018002022c f   MSVCRT:ucrt_stubs.obj
 0001:0001f240       _guard_dispatch_icall_nop  0000000180020240 f   MSVCRT:guard_dispatch.obj
 0001:0001f260       _guard_xfg_dispatch_icall_nop 0000000180020260 f   MSVCRT:guard_xfg_dispatch.obj
 0002:00000000       __imp_SetUnhandledExceptionFilter 0000000180021000     kernel32:KERNEL32.dll
 0002:00000008       __imp_IsProcessorFeaturePresent 0000000180021008     kernel32:KERNEL32.dll
 0002:00000010       __imp_RtlCaptureContext    0000000180021010     kernel32:KERNEL32.dll
 0002:00000018       __imp_RtlLookupFunctionEntry 0000000180021018     kernel32:KERNEL32.dll
 0002:00000020       __imp_QueryPerformanceCounter 0000000180021020     kernel32:KERNEL32.dll
 0002:00000028       __imp_GetCurrentProcessId  0000000180021028     kernel32:KERNEL32.dll
 0002:00000030       __imp_GetCurrentThreadId   0000000180021030     kernel32:KERNEL32.dll
 0002:00000038       __imp_GetSystemTimeAsFileTime 0000000180021038     kernel32:KERNEL32.dll
 0002:00000040       __imp_DisableThreadLibraryCalls 0000000180021040     kernel32:KERNEL32.dll
 0002:00000048       __imp_InitializeSListHead  0000000180021048     kernel32:KERNEL32.dll
 0002:00000050       __imp_IsDebuggerPresent    0000000180021050     kernel32:KERNEL32.dll
 0002:00000058       __imp_GetStartupInfoW      0000000180021058     kernel32:KERNEL32.dll
 0002:00000060       __imp_GetModuleHandleW     0000000180021060     kernel32:KERNEL32.dll
 0002:00000068       __imp_GetCurrentProcess    0000000180021068     kernel32:KERNEL32.dll
 0002:00000070       __imp_TerminateProcess     0000000180021070     kernel32:KERNEL32.dll
 0002:00000078       __imp_UnhandledExceptionFilter 0000000180021078     kernel32:KERNEL32.dll
 0002:00000080       __imp_RtlVirtualUnwind     0000000180021080     kernel32:KERNEL32.dll
 0002:00000088       \177KERNEL32_NULL_THUNK_DATA 0000000180021088     kernel32:KERNEL32.dll
 0002:00000090       __imp___std_type_info_destroy_list 0000000180021090     vcruntime:VCRUNTIME140.dll
 0002:00000098       __imp___current_exception  0000000180021098     vcruntime:VCRUNTIME140.dll
 0002:000000a0       __imp_memcpy               00000001800210a0     vcruntime:VCRUNTIME140.dll
 0002:000000a8       __imp_memset               00000001800210a8     vcruntime:VCRUNTIME140.dll
 0002:000000b0       __imp___C_specific_handler 00000001800210b0     vcruntime:VCRUNTIME140.dll
 0002:000000b8       __imp___current_exception_context 00000001800210b8     vcruntime:VCRUNTIME140.dll
 0002:000000c0       \177VCRUNTIME140_NULL_THUNK_DATA 00000001800210c0     vcruntime:VCRUNTIME140.dll
 0002:000000c8       __imp_free                 00000001800210c8     ucrt:api-ms-win-crt-heap-l1-1-0.dll
 0002:000000d0       __imp_malloc               00000001800210d0     ucrt:api-ms-win-crt-heap-l1-1-0.dll
 0002:000000d8       \177api-ms-win-crt-heap-l1-1-0_NULL_THUNK_DATA 00000001800210d8     ucrt:api-ms-win-crt-heap-l1-1-0.dll
 0002:000000e0       __imp__initterm_e          00000001800210e0     ucrt:api-ms-win-crt-runtime-l1-1-0.dll
 0002:000000e8       __imp__initterm            00000001800210e8     ucrt:api-ms-win-crt-runtime-l1-1-0.dll
 0002:000000f0       __imp__configure_narrow_argv 00000001800210f0     ucrt:api-ms-win-crt-runtime-l1-1-0.dll
 0002:000000f8       __imp__initialize_narrow_environment 00000001800210f8     ucrt:api-ms-win-crt-runtime-l1-1-0.dll
 0002:00000100       __imp__initialize_onexit_table 0000000180021100     ucrt:api-ms-win-crt-runtime-l1-1-0.dll
 0002:00000108       __imp__register_onexit_function 0000000180021108     ucrt:api-ms-win-crt-runtime-l1-1-0.dll
 0002:00000110       __imp__execute_onexit_table 0000000180021110     ucrt:api-ms-win-crt-runtime-l1-1-0.dll
 0002:00000118       __imp__crt_atexit          0000000180021118     ucrt:api-ms-win-crt-runtime-l1-1-0.dll
 0002:00000120       __imp__crt_at_quick_exit   0000000180021120     ucrt:api-ms-win-crt-runtime-l1-1-0.dll
 0002:00000128       __imp__cexit               0000000180021128     ucrt:api-ms-win-crt-runtime-l1-1-0.dll
 0002:00000130       __imp_terminate            0000000180021130     ucrt:api-ms-win-crt-runtime-l1-1-0.dll
 0002:00000138       __imp__seh_filter_dll      0000000180021138     ucrt:api-ms-win-crt-runtime-l1-1-0.dll
 0002:00000140       \177api-ms-win-crt-runtime-l1-1-0_NULL_THUNK_DATA 0000000180021140     ucrt:api-ms-win-crt-runtime-l1-1-0.dll
 0002:00000148       __imp___stdio_common_vsprintf 0000000180021148     ucrt:api-ms-win-crt-stdio-l1-1-0.dll
 0002:00000150       \177api-ms-win-crt-stdio-l1-1-0_NULL_THUNK_DATA 0000000180021150     ucrt:api-ms-win-crt-stdio-l1-1-0.dll
 0002:00000158       __imp_strlen               0000000180021158     ucrt:api-ms-win-crt-string-l1-1-0.dll
 0002:00000160       __imp_strcat               0000000180021160     ucrt:api-ms-win-crt-string-l1-1-0.dll
 0002:00000168       __imp_strcmp               0000000180021168     ucrt:api-ms-win-crt-string-l1-1-0.dll
 0002:00000170       \177api-ms-win-crt-string-l1-1-0_NULL_THUNK_DATA 0000000180021170     ucrt:api-ms-win-crt-string-l1-1-0.dll
 0002:00000178       __imp_covrtDeleteStateflowInstanceData 0000000180021178     libcovrt:libcovrt.dll
 0002:00000180       __imp_covrtEmlMcdcEval     0000000180021180     libcovrt:libcovrt.dll
 0002:00000188       __imp_covrtEmlCondEval     0000000180021188     libcovrt:libcovrt.dll
 0002:00000190       __imp_covrtEmlIfEval       0000000180021190     libcovrt:libcovrt.dll
 0002:00000198       __imp_covrtEmlFcnEval      0000000180021198     libcovrt:libcovrt.dll
 0002:000001a0       __imp_covrtEmlRelationalInitFcn 00000001800211a0     libcovrt:libcovrt.dll
 0002:000001a8       __imp_covrtEmlMCDCInitFcn  00000001800211a8     libcovrt:libcovrt.dll
 0002:000001b0       __imp_covrtEmlIfInitFcn    00000001800211b0     libcovrt:libcovrt.dll
 0002:000001b8       __imp_covrtEmlFcnInitFcn   00000001800211b8     libcovrt:libcovrt.dll
 0002:000001c0       __imp_covrtEmlInitFcn      00000001800211c0     libcovrt:libcovrt.dll
 0002:000001c8       __imp_covrtIsSigCovEnabledFcn 00000001800211c8     libcovrt:libcovrt.dll
 0002:000001d0       __imp_covrtSigUpdateFcnAssumingCovEnabled 00000001800211d0     libcovrt:libcovrt.dll
 0002:000001d8       __imp_covrtSigUpdateFcn    00000001800211d8     libcovrt:libcovrt.dll
 0002:000001e0       __imp_covrtRelationalopUpdateFcn 00000001800211e0     libcovrt:libcovrt.dll
 0002:000001e8       __imp_covrtTransInitFcn    00000001800211e8     libcovrt:libcovrt.dll
 0002:000001f0       __imp_covrtStateInitFcn    00000001800211f0     libcovrt:libcovrt.dll
 0002:000001f8       __imp_covrtChartInitFcn    00000001800211f8     libcovrt:libcovrt.dll
 0002:00000200       __imp_covrtCreateStateflowInstanceData 0000000180021200     libcovrt:libcovrt.dll
 0002:00000208       \177libcovrt_NULL_THUNK_DATA 0000000180021208     libcovrt:libcovrt.dll
 0002:00000210       __imp_emlrtMallocMex       0000000180021210     libemlrt:libemlrt.dll
 0002:00000218       __imp_emlrtNonNegativeCheckR2012b 0000000180021218     libemlrt:libemlrt.dll
 0002:00000220       __imp_emlrtDynamicBoundsCheckR2012b 0000000180021220     libemlrt:libemlrt.dll
 0002:00000228       __imp_emlrtSizeMulR2012b   0000000180021228     libemlrt:libemlrt.dll
 0002:00000230       __imp_emlrtLicenseCheckR2022a 0000000180021230     libemlrt:libemlrt.dll
 0002:00000238       __imp_emlrtFreeMex         0000000180021238     libemlrt:libemlrt.dll
 0002:00000240       __imp_emlrtForLoopVectorCheckR2021a 0000000180021240     libemlrt:libemlrt.dll
 0002:00000248       __imp_emlrtIntegerCheckR2012b 0000000180021248     libemlrt:libemlrt.dll
 0002:00000250       __imp_emlrtHeapAllocationErrorR2012b 0000000180021250     libemlrt:libemlrt.dll
 0002:00000258       \177libemlrt_NULL_THUNK_DATA 0000000180021258     libemlrt:libemlrt.dll
 0002:00000260       __imp_mexMakeArrayPersistent_800 0000000180021260     libmex:libmex.dll
 0002:00000268       __imp_mexIsLocked_800      0000000180021268     libmex:libmex.dll
 0002:00000270       __imp_mexUnlock_800        0000000180021270     libmex:libmex.dll
 0002:00000278       __imp_mexErrMsgTxt_800     0000000180021278     libmex:libmex.dll
 0002:00000280       __imp_mexLock_800          0000000180021280     libmex:libmex.dll
 0002:00000288       __imp_mexCallMATLAB_800    0000000180021288     libmex:libmex.dll
 0002:00000290       __imp_mexWarnMsgTxt_800    0000000180021290     libmex:libmex.dll
 0002:00000298       \177libmex_NULL_THUNK_DATA 0000000180021298     libmex:libmex.dll
 0002:000002a0       __imp_ippreconstruct_uint8 00000001800212a0     libmwippreconstruct:libmwippreconstruct.dll
 0002:000002a8       \177libmwippreconstruct_NULL_THUNK_DATA 00000001800212a8     libmwippreconstruct:libmwippreconstruct.dll
 0002:000002b0       __imp_LAPACKE_dgeqp3       00000001800212b0     libmwlapack:libmwlapack.dll
 0002:000002b8       __imp_LAPACKE_dormqr       00000001800212b8     libmwlapack:libmwlapack.dll
 0002:000002c0       \177libmwlapack_NULL_THUNK_DATA 00000001800212c0     libmwlapack:libmwlapack.dll
 0002:000002c8       __imp_muDoubleScalarAtan2  00000001800212c8     libmwmathutil:libmwmathutil.dll
 0002:000002d0       __imp_muDoubleScalarCos    00000001800212d0     libmwmathutil:libmwmathutil.dll
 0002:000002d8       __imp_muDoubleScalarMax    00000001800212d8     libmwmathutil:libmwmathutil.dll
 0002:000002e0       __imp_muDoubleScalarFloor  00000001800212e0     libmwmathutil:libmwmathutil.dll
 0002:000002e8       __imp_muDoubleScalarCeil   00000001800212e8     libmwmathutil:libmwmathutil.dll
 0002:000002f0       __imp_muDoubleScalarAbs    00000001800212f0     libmwmathutil:libmwmathutil.dll
 0002:000002f8       __imp_muDoubleScalarSin    00000001800212f8     libmwmathutil:libmwmathutil.dll
 0002:00000300       __imp_muIntScalarMin_sint32 0000000180021300     libmwmathutil:libmwmathutil.dll
 0002:00000308       __imp_muDoubleScalarRound  0000000180021308     libmwmathutil:libmwmathutil.dll
 0002:00000310       __imp_muDoubleScalarMin    0000000180021310     libmwmathutil:libmwmathutil.dll
 0002:00000318       \177libmwmathutil_NULL_THUNK_DATA 0000000180021318     libmwmathutil:libmwmathutil.dll
 0002:00000320       __imp_mxGetN_800           0000000180021320     libmx:libmx.dll
 0002:00000328       __imp_mxIsComplex_800      0000000180021328     libmx:libmx.dll
 0002:00000330       __imp_mxIsNumeric_800      0000000180021330     libmx:libmx.dll
 0002:00000338       __imp_mxGetClassID_800     0000000180021338     libmx:libmx.dll
 0002:00000340       __imp_mxGetM_800           0000000180021340     libmx:libmx.dll
 0002:00000348       __imp_mxCalloc_800         0000000180021348     libmx:libmx.dll
 0002:00000350       __imp_mxGetNaN_800         0000000180021350     libmx:libmx.dll
 0002:00000358       __imp_mxCreateStructMatrix_800 0000000180021358     libmx:libmx.dll
 0002:00000360       __imp_mxCreateCellMatrix_800 0000000180021360     libmx:libmx.dll
 0002:00000368       __imp_mxCreateString_800   0000000180021368     libmx:libmx.dll
 0002:00000370       __imp_mxSetField_800       0000000180021370     libmx:libmx.dll
 0002:00000378       __imp_mxSetCell_800        0000000180021378     libmx:libmx.dll
 0002:00000380       __imp_mxDuplicateArray_800 0000000180021380     libmx:libmx.dll
 0002:00000388       __imp_mxGetString_800      0000000180021388     libmx:libmx.dll
 0002:00000390       __imp_mxCreateDoubleMatrix_800 0000000180021390     libmx:libmx.dll
 0002:00000398       __imp_mxDestroyArray_800   0000000180021398     libmx:libmx.dll
 0002:000003a0       __imp_mxGetPr_800          00000001800213a0     libmx:libmx.dll
 0002:000003a8       __imp_mxGetScalar_800      00000001800213a8     libmx:libmx.dll
 0002:000003b0       __imp_mxIsChar_800         00000001800213b0     libmx:libmx.dll
 0002:000003b8       __imp_mxCreateDoubleScalar_800 00000001800213b8     libmx:libmx.dll
 0002:000003c0       \177libmx_NULL_THUNK_DATA  00000001800213c0     libmx:libmx.dll
 0002:000003c8       __imp_utFree               00000001800213c8     libut:libut.dll
 0002:000003d0       __imp_utMalloc             00000001800213d0     libut:libut.dll
 0002:000003d8       \177libut_NULL_THUNK_DATA  00000001800213d8     libut:libut.dll
 0002:000003e0       __imp_callMdlMethodAndReportError 00000001800213e0     sf_runtime:sf_runtime.dll
 0002:000003e8       __imp_sf_get_hasSeparateUpdateOutputs 00000001800213e8     sf_runtime:sf_runtime.dll
 0002:000003f0       __imp_sf_get_ChartInfoStruct_CodeGen 00000001800213f0     sf_runtime:sf_runtime.dll
 0002:000003f8       __imp_ssGetOutputPortSignal_wrapper 00000001800213f8     sf_runtime:sf_runtime.dll
 0002:00000400       __imp_sf_mex_error_direct_call 0000000180021400     sf_runtime:sf_runtime.dll
 0002:00000408       __imp_sf_mex_import        0000000180021408     sf_runtime:sf_runtime.dll
 0002:00000410       __imp_sf_mex_destroy       0000000180021410     sf_runtime:sf_runtime.dll
 0002:00000418       __imp_sf_mex_dup           0000000180021418     sf_runtime:sf_runtime.dll
 0002:00000420       __imp_sf_mex_assign        0000000180021420     sf_runtime:sf_runtime.dll
 0002:00000428       __imp_sf_mex_getcell       0000000180021428     sf_runtime:sf_runtime.dll
 0002:00000430       __imp_sf_mex_setcell       0000000180021430     sf_runtime:sf_runtime.dll
 0002:00000438       __imp_sf_mex_createcellmatrix 0000000180021438     sf_runtime:sf_runtime.dll
 0002:00000440       __imp_sf_mex_create        0000000180021440     sf_runtime:sf_runtime.dll
 0002:00000448       __imp_sf_mex_error_message 0000000180021448     sf_runtime:sf_runtime.dll
 0002:00000450       __imp_sf_mex_call          0000000180021450     sf_runtime:sf_runtime.dll
 0002:00000458       __imp_mdlProcessParamsCommon 0000000180021458     sf_runtime:sf_runtime.dll
 0002:00000460       __imp_sf_set_work_widths   0000000180021460     sf_runtime:sf_runtime.dll
 0002:00000468       __imp_sf_get_time          0000000180021468     sf_runtime:sf_runtime.dll
 0002:00000470       __imp_sf_clear_rtw_identifier 0000000180021470     sf_runtime:sf_runtime.dll
 0002:00000478       __imp_sim_mode_is_external 0000000180021478     sf_runtime:sf_runtime.dll
 0002:00000480       __imp_sim_mode_is_rtw_gen  0000000180021480     sf_runtime:sf_runtime.dll
 0002:00000488       __imp_sfSetAnimationVectors 0000000180021488     sf_runtime:sf_runtime.dll
 0002:00000490       __imp_sf_get_chart_instance_ptr 0000000180021490     sf_runtime:sf_runtime.dll
 0002:00000498       __imp_sfrtGetCovrtInstance 0000000180021498     sf_runtime:sf_runtime.dll
 0002:000004a0       __imp_sfrtGetEmlrtCtx      00000001800214a0     sf_runtime:sf_runtime.dll
 0002:000004a8       __imp_sf_reset_warnings_ChartRunTimeInfo 00000001800214a8     sf_runtime:sf_runtime.dll
 0002:000004b0       __imp_sf_free_ChartRunTimeInfo 00000001800214b0     sf_runtime:sf_runtime.dll
 0002:000004b8       __imp_sf_init_ChartRunTimeInfo 00000001800214b8     sf_runtime:sf_runtime.dll
 0002:000004c0       __imp_sf_mex_decode        00000001800214c0     sf_runtime:sf_runtime.dll
 0002:000004c8       __imp_sf_load_rtw_optimization_info 00000001800214c8     sf_runtime:sf_runtime.dll
 0002:000004d0       __imp_sf_clear_error_manager_info 00000001800214d0     sf_runtime:sf_runtime.dll
 0002:000004d8       __imp_call_sf_machine_global_method_dispatcher 00000001800214d8     sf_runtime:sf_runtime.dll
 0002:000004e0       __imp_ssGetInputPortSignal_wrapper 00000001800214e0     sf_runtime:sf_runtime.dll
 0002:000004e8       __imp_getRuntimeInstanceInfoAsVoid 00000001800214e8     sf_runtime:sf_runtime.dll
 0002:000004f0       \177sf_runtime_NULL_THUNK_DATA 00000001800214f0     sf_runtime:sf_runtime.dll
 0002:000004f8       __guard_check_icall_fptr   00000001800214f8     MSVCRT:guard_support.obj
 0002:00000500       __guard_xfg_check_icall_fptr 0000000180021500     MSVCRT:guard_support.obj
 0002:00000508       __guard_dispatch_icall_fptr 0000000180021508     MSVCRT:guard_support.obj
 0002:00000510       __guard_xfg_dispatch_icall_fptr 0000000180021510     MSVCRT:guard_support.obj
 0002:00000518       __guard_xfg_table_dispatch_icall_fptr 0000000180021518     MSVCRT:guard_support.obj
 0002:00000520       __castguard_check_failure_os_handled_fptr 0000000180021520     MSVCRT:guard_support.obj
 0002:00000528       __guard_memcpy_fptr        0000000180021528     vcruntime:softmemtag.obj
 0002:00000530       __xc_a                     0000000180021530     MSVCRT:initializers.obj
 0002:00000538       __xc_z                     0000000180021538     MSVCRT:initializers.obj
 0002:00000540       __xi_a                     0000000180021540     MSVCRT:initializers.obj
 0002:00000548       __xi_z                     0000000180021548     MSVCRT:initializers.obj
 0002:00000550       __xp_a                     0000000180021550     MSVCRT:initializers.obj
 0002:00000558       __xp_z                     0000000180021558     MSVCRT:initializers.obj
 0002:00000560       __xt_a                     0000000180021560     MSVCRT:initializers.obj
 0002:00000568       __xt_z                     0000000180021568     MSVCRT:initializers.obj
 0002:00000570       __real@4174ffbd70000000    0000000180021570     flightControlSystem_sfun.obj
 0002:00000578       __real@418f503920000000    0000000180021578     flightControlSystem_sfun.obj
 0002:00000580       __real@41b92f8712000000    0000000180021580     flightControlSystem_sfun.obj
 0002:00000588       __real@41bad2f744000000    0000000180021588     flightControlSystem_sfun.obj
 0002:00000590       __real@41cb1a5378800000    0000000180021590     flightControlSystem_sfun.obj
 0002:00000598       __real@41dd4ff610400000    0000000180021598     flightControlSystem_sfun.obj
 0002:000005a0       __real@41e3f2a9e2200000    00000001800215a0     flightControlSystem_sfun.obj
 0002:000005a8       __real@41e3fa3198000000    00000001800215a8     flightControlSystem_sfun.obj
 0002:000005b0       __real@41e4f97bc3200000    00000001800215b0     flightControlSystem_sfun.obj
 0002:000005b8       __real@41e5ea5a70200000    00000001800215b8     flightControlSystem_sfun.obj
 0002:000005c0       __real@41eb30c5b0800000    00000001800215c0     flightControlSystem_sfun.obj
 0002:000005c8       __real@41ed0b63b6c00000    00000001800215c8     flightControlSystem_sfun.obj
 0002:000005f8       __real@0000000000000000    00000001800215f8     c4_flightControlSystem.obj
 0002:00000600       __real@3cc0000000000000    0000000180021600     c4_flightControlSystem.obj
 0002:00000608       __real@3ce4000000000000    0000000180021608     c4_flightControlSystem.obj
 0002:00000610       __real@3dcccccd            0000000180021610     c4_flightControlSystem.obj
 0002:00000618       __real@3e50000000000000    0000000180021618     c4_flightControlSystem.obj
 0002:00000620       __real@3fb999999999999a    0000000180021620     c4_flightControlSystem.obj
 0002:00000628       __real@3fe0000000000000    0000000180021628     c4_flightControlSystem.obj
 0002:00000630       __real@3ff0000000000000    0000000180021630     c4_flightControlSystem.obj
 0002:00000638       __real@4000000000000000    0000000180021638     c4_flightControlSystem.obj
 0002:00000640       __real@4008000000000000    0000000180021640     c4_flightControlSystem.obj
 0002:00000648       __real@4010000000000000    0000000180021648     c4_flightControlSystem.obj
 0002:00000650       __real@4020000000000000    0000000180021650     c4_flightControlSystem.obj
 0002:00000658       __real@4034000000000000    0000000180021658     c4_flightControlSystem.obj
 0002:00000660       __real@4044000000000000    0000000180021660     c4_flightControlSystem.obj
 0002:00000668       __real@404e000000000000    0000000180021668     c4_flightControlSystem.obj
 0002:00000670       __real@405dc00000000000    0000000180021670     c4_flightControlSystem.obj
 0002:00000678       __real@405e000000000000    0000000180021678     c4_flightControlSystem.obj
 0002:00000680       __real@4063e00000000000    0000000180021680     c4_flightControlSystem.obj
 0002:00000688       __real@4064000000000000    0000000180021688     c4_flightControlSystem.obj
 0002:00000690       __real@4064200000000000    0000000180021690     c4_flightControlSystem.obj
 0002:00000698       __real@408f400000000000    0000000180021698     c4_flightControlSystem.obj
 0002:000006a0       __real@4196c4435c000000    00000001800216a0     c4_flightControlSystem.obj
 0002:000006a8       __real@41a0711dd8000000    00000001800216a8     c4_flightControlSystem.obj
 0002:000006b0       __real@41dc0c1d74c00000    00000001800216b0     c4_flightControlSystem.obj
 0002:000006b8       __real@41e0000000000000    00000001800216b8     c4_flightControlSystem.obj
 0002:000006c0       __real@41eeb9a3d1000000    00000001800216c0     c4_flightControlSystem.obj
 0002:000006c8       __real@c000000000000000    00000001800216c8     c4_flightControlSystem.obj
 0002:000006d0       __real@c008000000000000    00000001800216d0     c4_flightControlSystem.obj
 0002:000006d8       __real@c08f400000000000    00000001800216d8     c4_flightControlSystem.obj
 0002:000006e0       __real@c1e0000000000000    00000001800216e0     c4_flightControlSystem.obj
 0002:000006e8       DYNAMIC_DIMENSION_DEF      00000001800216e8     flightControlSystem_sfun_registry.obj
 0002:00000700       __real@41602cbca0000000    0000000180021700     flightControlSystem_sfun_registry.obj
 0002:00000708       __real@bff0000000000000    0000000180021708     flightControlSystem_sfun_registry.obj
 0002:00000720       _pDefaultRawDllMain        0000000180021720     MSVCRT:dll_dllmain.obj
 0002:00000720       _pRawDllMain               0000000180021720     MSVCRT:dll_dllmain.obj
 0002:00000730       __xmm@ffffffffffffffffffffffffffffffff 0000000180021730     MSVCRT:utility.obj
 0002:00000740       _load_config_used          0000000180021740     MSVCRT:loadcfg.obj
 0002:00000900       __CastGuardVftablesStart   0000000180021900     MSVCRT:guard_support.obj
 0002:00000980       __CastGuardVftablesEnd     0000000180021980     MSVCRT:guard_support.obj
 0002:00000a00       __volatile_metadata        0000000180021a00     <linker-defined>
 0002:00000e18       __rtc_iaa                  0000000180021e18     MSVCRT:initsect.obj
 0002:00000e20       __rtc_izz                  0000000180021e20     MSVCRT:initsect.obj
 0002:00000e28       __rtc_taa                  0000000180021e28     MSVCRT:initsect.obj
 0002:00000e30       __rtc_tzz                  0000000180021e30     MSVCRT:initsect.obj
 0002:000019b4       __IMPORT_DESCRIPTOR_libmwippreconstruct 00000001800229b4     libmwippreconstruct:libmwippreconstruct.dll
 0002:000019c8       __IMPORT_DESCRIPTOR_libmwlapack 00000001800229c8     libmwlapack:libmwlapack.dll
 0002:000019dc       __IMPORT_DESCRIPTOR_sf_runtime 00000001800229dc     sf_runtime:sf_runtime.dll
 0002:000019f0       __IMPORT_DESCRIPTOR_libmx  00000001800229f0     libmx:libmx.dll
 0002:00001a04       __IMPORT_DESCRIPTOR_libmex 0000000180022a04     libmex:libmex.dll
 0002:00001a18       __IMPORT_DESCRIPTOR_libut  0000000180022a18     libut:libut.dll
 0002:00001a2c       __IMPORT_DESCRIPTOR_libmwmathutil 0000000180022a2c     libmwmathutil:libmwmathutil.dll
 0002:00001a40       __IMPORT_DESCRIPTOR_libemlrt 0000000180022a40     libemlrt:libemlrt.dll
 0002:00001a54       __IMPORT_DESCRIPTOR_libcovrt 0000000180022a54     libcovrt:libcovrt.dll
 0002:00001a68       __IMPORT_DESCRIPTOR_KERNEL32 0000000180022a68     kernel32:KERNEL32.dll
 0002:00001a7c       __IMPORT_DESCRIPTOR_VCRUNTIME140 0000000180022a7c     vcruntime:VCRUNTIME140.dll
 0002:00001a90       __IMPORT_DESCRIPTOR_api-ms-win-crt-string-l1-1-0 0000000180022a90     ucrt:api-ms-win-crt-string-l1-1-0.dll
 0002:00001aa4       __IMPORT_DESCRIPTOR_api-ms-win-crt-stdio-l1-1-0 0000000180022aa4     ucrt:api-ms-win-crt-stdio-l1-1-0.dll
 0002:00001ab8       __IMPORT_DESCRIPTOR_api-ms-win-crt-heap-l1-1-0 0000000180022ab8     ucrt:api-ms-win-crt-heap-l1-1-0.dll
 0002:00001acc       __IMPORT_DESCRIPTOR_api-ms-win-crt-runtime-l1-1-0 0000000180022acc     ucrt:api-ms-win-crt-runtime-l1-1-0.dll
 0002:00001ae0       __NULL_IMPORT_DESCRIPTOR   0000000180022ae0     libmwippreconstruct:libmwippreconstruct.dll
 0003:00008690       DYNAMIC_DIMENSION          000000018002c690     flightControlSystem_sfun_registry.obj
 0003:0000ad40       __security_cookie          000000018002ed40     MSVCRT:gs_cookie.obj
 0003:0000ad80       __security_cookie_complement 000000018002ed80     MSVCRT:gs_cookie.obj
 0003:0000ad88       _fltused                   000000018002ed88     MSVCRT:fltused.obj
 0003:0000ad90       __scrt_native_dllmain_reason 000000018002ed90     MSVCRT:utility.obj
 0003:0000ad98       __isa_inverted             000000018002ed98     MSVCRT:cpu_disp.obj
 0003:0000ada0       __isa_available            000000018002eda0     MSVCRT:cpu_disp.obj
 0003:0000ada4       __isa_enabled              000000018002eda4     MSVCRT:cpu_disp.obj
 0003:0000ada8       __memset_fast_string_threshold 000000018002eda8     MSVCRT:cpu_disp.obj
 0003:0000adb0       __memset_nt_threshold      000000018002edb0     MSVCRT:cpu_disp.obj
 0003:0000adc0       __scrt_ucrt_dll_is_in_use  000000018002edc0     MSVCRT:ucrt_stubs.obj
 0003:0000b990       ?__type_info_root_node@@3U__type_info_node@@A 000000018002f990     MSVCRT:tncleanup.obj
 0003:0000b9a0       ?_OptionsStorage@?1??__local_stdio_printf_options@@9@4_KA 000000018002f9a0     MSVCRT:default_local_stdio_options.obj
 0003:0000b9a8       ?_OptionsStorage@?1??__local_stdio_scanf_options@@9@4_KA 000000018002f9a8     MSVCRT:default_local_stdio_options.obj
 0003:0000b9b0       __scrt_current_native_startup_state 000000018002f9b0     MSVCRT:utility.obj
 0003:0000b9b8       __scrt_native_startup_lock 000000018002f9b8     MSVCRT:utility.obj
 0003:0000b9f8       __scrt_debugger_hook_flag  000000018002f9f8     MSVCRT:utility_desktop.obj
 0003:0000ba00       __castguard_check_failure_user_handled_fptr 000000018002fa00     MSVCRT:guard_support.obj
 0003:0000ba08       __avx10_version            000000018002fa08     MSVCRT:cpu_disp.obj
 0003:0000ba0c       __favor                    000000018002fa0c     MSVCRT:cpu_disp.obj
 0003:0000ba10       ?_OptionsStorage@?1??__local_stdio_printf_options@@9@9 000000018002fa10     <common>
 0003:0000ba18       __dyn_tls_init_callback    000000018002fa18     <common>

 entry point at        0001:0001e328

 Static symbols

 0000:00000000       _volmd                     0000000180000000     c4_flightControlSystem.obj
 0000:00000000       .debug$S                   0000000180000000     flightControlSystem_sfun.exp
 0000:00000000       _volmd                     0000000180000000     flightControlSystem_sfun.obj
 0000:00000000       _volmd                     0000000180000000     flightControlSystem_sfun_registry.obj
 0000:00000000       .debug$S                   0000000180000000     libmwlapack:libmwlapack.dll
 0000:00000000       .debug$S                   0000000180000000     libmwlapack:libmwlapack.dll
 0000:00000000       .debug$S                   0000000180000000     ucrt:api-ms-win-crt-heap-l1-1-0.dll
 0000:00000000       .debug$S                   0000000180000000     ucrt:api-ms-win-crt-heap-l1-1-0.dll
 0000:00000000       .debug$S                   0000000180000000     ucrt:api-ms-win-crt-runtime-l1-1-0.dll
 0000:00000000       .debug$S                   0000000180000000     ucrt:api-ms-win-crt-runtime-l1-1-0.dll
 0000:00000000       .debug$S                   0000000180000000     ucrt:api-ms-win-crt-runtime-l1-1-0.dll
 0000:00000000       .debug$S                   0000000180000000     ucrt:api-ms-win-crt-runtime-l1-1-0.dll
 0000:00000000       .debug$S                   0000000180000000     ucrt:api-ms-win-crt-runtime-l1-1-0.dll
 0000:00000000       .debug$S                   0000000180000000     ucrt:api-ms-win-crt-runtime-l1-1-0.dll
 0000:00000000       .debug$S                   0000000180000000     ucrt:api-ms-win-crt-runtime-l1-1-0.dll
 0000:00000000       .debug$S                   0000000180000000     ucrt:api-ms-win-crt-runtime-l1-1-0.dll
 0000:00000000       .debug$S                   0000000180000000     ucrt:api-ms-win-crt-runtime-l1-1-0.dll
 0000:00000000       .debug$S                   0000000180000000     ucrt:api-ms-win-crt-runtime-l1-1-0.dll
 0000:00000000       .debug$S                   0000000180000000     ucrt:api-ms-win-crt-runtime-l1-1-0.dll
 0000:00000000       .debug$S                   0000000180000000     ucrt:api-ms-win-crt-runtime-l1-1-0.dll
 0000:00000000       .debug$S                   0000000180000000     ucrt:api-ms-win-crt-stdio-l1-1-0.dll
 0000:00000000       .debug$S                   0000000180000000     ucrt:api-ms-win-crt-string-l1-1-0.dll
 0000:00000000       .debug$S                   0000000180000000     ucrt:api-ms-win-crt-string-l1-1-0.dll
 0000:00000000       .debug$S                   0000000180000000     ucrt:api-ms-win-crt-string-l1-1-0.dll
 0000:00000000       .debug$S                   0000000180000000     kernel32:KERNEL32.dll
 0000:00000000       .debug$S                   0000000180000000     kernel32:KERNEL32.dll
 0000:00000000       .debug$S                   0000000180000000     kernel32:KERNEL32.dll
 0000:00000000       .debug$S                   0000000180000000     kernel32:KERNEL32.dll
 0000:00000000       .debug$S                   0000000180000000     kernel32:KERNEL32.dll
 0000:00000000       .debug$S                   0000000180000000     kernel32:KERNEL32.dll
 0000:00000000       .debug$S                   0000000180000000     kernel32:KERNEL32.dll
 0000:00000000       .debug$S                   0000000180000000     kernel32:KERNEL32.dll
 0000:00000000       .debug$S                   0000000180000000     kernel32:KERNEL32.dll
 0000:00000000       .debug$S                   0000000180000000     kernel32:KERNEL32.dll
 0000:00000000       .debug$S                   0000000180000000     kernel32:KERNEL32.dll
 0000:00000000       .debug$S                   0000000180000000     kernel32:KERNEL32.dll
 0000:00000000       .debug$S                   0000000180000000     kernel32:KERNEL32.dll
 0000:00000000       .debug$S                   0000000180000000     kernel32:KERNEL32.dll
 0000:00000000       .debug$S                   0000000180000000     kernel32:KERNEL32.dll
 0000:00000000       .debug$S                   0000000180000000     kernel32:KERNEL32.dll
 0000:00000000       .debug$S                   0000000180000000     kernel32:KERNEL32.dll
 0000:00000000       .debug$S                   0000000180000000     libcovrt:libcovrt.dll
 0000:00000000       .debug$S                   0000000180000000     libcovrt:libcovrt.dll
 0000:00000000       .debug$S                   0000000180000000     libcovrt:libcovrt.dll
 0000:00000000       .debug$S                   0000000180000000     libcovrt:libcovrt.dll
 0000:00000000       .debug$S                   0000000180000000     libcovrt:libcovrt.dll
 0000:00000000       .debug$S                   0000000180000000     libcovrt:libcovrt.dll
 0000:00000000       .debug$S                   0000000180000000     libcovrt:libcovrt.dll
 0000:00000000       .debug$S                   0000000180000000     libcovrt:libcovrt.dll
 0000:00000000       .debug$S                   0000000180000000     libcovrt:libcovrt.dll
 0000:00000000       .debug$S                   0000000180000000     libcovrt:libcovrt.dll
 0000:00000000       .debug$S                   0000000180000000     libcovrt:libcovrt.dll
 0000:00000000       .debug$S                   0000000180000000     libcovrt:libcovrt.dll
 0000:00000000       .debug$S                   0000000180000000     libcovrt:libcovrt.dll
 0000:00000000       .debug$S                   0000000180000000     libcovrt:libcovrt.dll
 0000:00000000       .debug$S                   0000000180000000     libcovrt:libcovrt.dll
 0000:00000000       .debug$S                   0000000180000000     libcovrt:libcovrt.dll
 0000:00000000       .debug$S                   0000000180000000     libcovrt:libcovrt.dll
 0000:00000000       .debug$S                   0000000180000000     libcovrt:libcovrt.dll
 0000:00000000       .debug$S                   0000000180000000     libemlrt:libemlrt.dll
 0000:00000000       .debug$S                   0000000180000000     libemlrt:libemlrt.dll
 0000:00000000       .debug$S                   0000000180000000     libemlrt:libemlrt.dll
 0000:00000000       .debug$S                   0000000180000000     libemlrt:libemlrt.dll
 0000:00000000       .debug$S                   0000000180000000     libemlrt:libemlrt.dll
 0000:00000000       .debug$S                   0000000180000000     libemlrt:libemlrt.dll
 0000:00000000       .debug$S                   0000000180000000     libemlrt:libemlrt.dll
 0000:00000000       .debug$S                   0000000180000000     libemlrt:libemlrt.dll
 0000:00000000       .debug$S                   0000000180000000     libemlrt:libemlrt.dll
 0000:00000000       .debug$S                   0000000180000000     libmex:libmex.dll
 0000:00000000       .debug$S                   0000000180000000     libmex:libmex.dll
 0000:00000000       .debug$S                   0000000180000000     libmex:libmex.dll
 0000:00000000       .debug$S                   0000000180000000     libmex:libmex.dll
 0000:00000000       .debug$S                   0000000180000000     libmex:libmex.dll
 0000:00000000       .debug$S                   0000000180000000     libmex:libmex.dll
 0000:00000000       .debug$S                   0000000180000000     libmex:libmex.dll
 0000:00000000       .debug$S                   0000000180000000     libmwippreconstruct:libmwippreconstruct.dll
 0000:00000000       .debug$S                   0000000180000000     libmwmathutil:libmwmathutil.dll
 0000:00000000       .debug$S                   0000000180000000     libmwmathutil:libmwmathutil.dll
 0000:00000000       .debug$S                   0000000180000000     libmwmathutil:libmwmathutil.dll
 0000:00000000       .debug$S                   0000000180000000     libmwmathutil:libmwmathutil.dll
 0000:00000000       .debug$S                   0000000180000000     libmwmathutil:libmwmathutil.dll
 0000:00000000       .debug$S                   0000000180000000     libmwmathutil:libmwmathutil.dll
 0000:00000000       .debug$S                   0000000180000000     libmwmathutil:libmwmathutil.dll
 0000:00000000       .debug$S                   0000000180000000     libmwmathutil:libmwmathutil.dll
 0000:00000000       .debug$S                   0000000180000000     libmwmathutil:libmwmathutil.dll
 0000:00000000       .debug$S                   0000000180000000     libmwmathutil:libmwmathutil.dll
 0000:00000000       .debug$S                   0000000180000000     libmx:libmx.dll
 0000:00000000       .debug$S                   0000000180000000     libmx:libmx.dll
 0000:00000000       .debug$S                   0000000180000000     libmx:libmx.dll
 0000:00000000       .debug$S                   0000000180000000     libmx:libmx.dll
 0000:00000000       .debug$S                   0000000180000000     libmx:libmx.dll
 0000:00000000       .debug$S                   0000000180000000     libmx:libmx.dll
 0000:00000000       .debug$S                   0000000180000000     libmx:libmx.dll
 0000:00000000       .debug$S                   0000000180000000     libmx:libmx.dll
 0000:00000000       .debug$S                   0000000180000000     libmx:libmx.dll
 0000:00000000       .debug$S                   0000000180000000     libmx:libmx.dll
 0000:00000000       .debug$S                   0000000180000000     libmx:libmx.dll
 0000:00000000       .debug$S                   0000000180000000     libmx:libmx.dll
 0000:00000000       .debug$S                   0000000180000000     libmx:libmx.dll
 0000:00000000       .debug$S                   0000000180000000     libmx:libmx.dll
 0000:00000000       .debug$S                   0000000180000000     libmx:libmx.dll
 0000:00000000       .debug$S                   0000000180000000     libmx:libmx.dll
 0000:00000000       .debug$S                   0000000180000000     libmx:libmx.dll
 0000:00000000       .debug$S                   0000000180000000     libmx:libmx.dll
 0000:00000000       .debug$S                   0000000180000000     libmx:libmx.dll
 0000:00000000       .debug$S                   0000000180000000     libmx:libmx.dll
 0000:00000000       .debug$S                   0000000180000000     libut:libut.dll
 0000:00000000       .debug$S                   0000000180000000     libut:libut.dll
 0000:00000000       .debug$S                   0000000180000000     sf_runtime:sf_runtime.dll
 0000:00000000       .debug$S                   0000000180000000     sf_runtime:sf_runtime.dll
 0000:00000000       .debug$S                   0000000180000000     sf_runtime:sf_runtime.dll
 0000:00000000       .debug$S                   0000000180000000     sf_runtime:sf_runtime.dll
 0000:00000000       .debug$S                   0000000180000000     sf_runtime:sf_runtime.dll
 0000:00000000       .debug$S                   0000000180000000     sf_runtime:sf_runtime.dll
 0000:00000000       .debug$S                   0000000180000000     sf_runtime:sf_runtime.dll
 0000:00000000       .debug$S                   0000000180000000     sf_runtime:sf_runtime.dll
 0000:00000000       .debug$S                   0000000180000000     sf_runtime:sf_runtime.dll
 0000:00000000       .debug$S                   0000000180000000     sf_runtime:sf_runtime.dll
 0000:00000000       .debug$S                   0000000180000000     sf_runtime:sf_runtime.dll
 0000:00000000       .debug$S                   0000000180000000     sf_runtime:sf_runtime.dll
 0000:00000000       .debug$S                   0000000180000000     sf_runtime:sf_runtime.dll
 0000:00000000       .debug$S                   0000000180000000     sf_runtime:sf_runtime.dll
 0000:00000000       .debug$S                   0000000180000000     sf_runtime:sf_runtime.dll
[...]
 0003:00009488       $SG50915                   000000018002d488     flightControlSystem_sfun_registry.obj
 0003:00009498       $SG50916                   000000018002d498     flightControlSystem_sfun_registry.obj
 0003:000094a0       $SG50919                   000000018002d4a0     flightControlSystem_sfun_registry.obj
 0003:000094a8       $SG50921                   000000018002d4a8     flightControlSystem_sfun_registry.obj
 0003:000094c0       $SG50922                   000000018002d4c0     flightControlSystem_sfun_registry.obj
 0003:000094f8       $SG50923                   000000018002d4f8     flightControlSystem_sfun_registry.obj
 0003:00009508       $SG50924                   000000018002d508     flightControlSystem_sfun_registry.obj
 0003:00009510       $SG51090                   000000018002d510     flightControlSystem_sfun_registry.obj
 0003:00009530       $SG51091                   000000018002d530     flightControlSystem_sfun_registry.obj
 0003:000095c0       $SG51097                   000000018002d5c0     flightControlSystem_sfun_registry.obj
 0003:000095e0       $SG51098                   000000018002d5e0     flightControlSystem_sfun_registry.obj
 0003:00009670       $SG51104                   000000018002d670     flightControlSystem_sfun_registry.obj
 0003:00009690       $SG51105                   000000018002d690     flightControlSystem_sfun_registry.obj
 0003:00009720       $SG51111                   000000018002d720     flightControlSystem_sfun_registry.obj
 0003:00009740       $SG51112                   000000018002d740     flightControlSystem_sfun_registry.obj
 0003:000097d0       $SG51118                   000000018002d7d0     flightControlSystem_sfun_registry.obj
 0003:000097f0       $SG51119                   000000018002d7f0     flightControlSystem_sfun_registry.obj
 0003:00009880       $SG51123                   000000018002d880     flightControlSystem_sfun_registry.obj
 0003:000098a0       $SG51124                   000000018002d8a0     flightControlSystem_sfun_registry.obj
 0003:00009930       $SG51128                   000000018002d930     flightControlSystem_sfun_registry.obj
 0003:00009960       $SG51129                   000000018002d960     flightControlSystem_sfun_registry.obj
 0003:000099f0       $SG51133                   000000018002d9f0     flightControlSystem_sfun_registry.obj
 0003:00009a20       $SG51134                   000000018002da20     flightControlSystem_sfun_registry.obj
 0003:00009ab0       $SG51138                   000000018002dab0     flightControlSystem_sfun_registry.obj
 0003:00009ad0       $SG51139                   000000018002dad0     flightControlSystem_sfun_registry.obj
 0003:00009b60       $SG51143                   000000018002db60     flightControlSystem_sfun_registry.obj
 0003:00009b80       $SG51144                   000000018002db80     flightControlSystem_sfun_registry.obj
 0003:00009c10       $SG51148                   000000018002dc10     flightControlSystem_sfun_registry.obj
 0003:00009c30       $SG51149                   000000018002dc30     flightControlSystem_sfun_registry.obj
 0003:00009cc0       $SG51153                   000000018002dcc0     flightControlSystem_sfun_registry.obj
 0003:00009ce0       $SG51154                   000000018002dce0     flightControlSystem_sfun_registry.obj
 0003:00009d70       $SG51158                   000000018002dd70     flightControlSystem_sfun_registry.obj
 0003:00009d90       $SG51159                   000000018002dd90     flightControlSystem_sfun_registry.obj
 0003:00009e20       $SG51163                   000000018002de20     flightControlSystem_sfun_registry.obj
 0003:00009e40       $SG51164                   000000018002de40     flightControlSystem_sfun_registry.obj
 0003:00009ed0       $SG51168                   000000018002ded0     flightControlSystem_sfun_registry.obj
 0003:00009ef0       $SG51169                   000000018002def0     flightControlSystem_sfun_registry.obj
 0003:00009f80       $SG51173                   000000018002df80     flightControlSystem_sfun_registry.obj
 0003:00009fa0       $SG51174                   000000018002dfa0     flightControlSystem_sfun_registry.obj
 0003:0000a030       $SG51178                   000000018002e030     flightControlSystem_sfun_registry.obj
 0003:0000a050       $SG51179                   000000018002e050     flightControlSystem_sfun_registry.obj
 0003:0000a0e0       $SG51184                   000000018002e0e0     flightControlSystem_sfun_registry.obj
 0003:0000a100       $SG51185                   000000018002e100     flightControlSystem_sfun_registry.obj
 0003:0000a190       $SG51190                   000000018002e190     flightControlSystem_sfun_registry.obj
 0003:0000a1a0       $SG51191                   000000018002e1a0     flightControlSystem_sfun_registry.obj
 0003:0000a230       $SG51195                   000000018002e230     flightControlSystem_sfun_registry.obj
 0003:0000a250       $SG51196                   000000018002e250     flightControlSystem_sfun_registry.obj
 0003:0000a2e0       $SG51200                   000000018002e2e0     flightControlSystem_sfun_registry.obj
 0003:0000a2f0       $SG51201                   000000018002e2f0     flightControlSystem_sfun_registry.obj
 0003:0000a380       $SG51205                   000000018002e380     flightControlSystem_sfun_registry.obj
 0003:0000a3a0       $SG51206                   000000018002e3a0     flightControlSystem_sfun_registry.obj
 0003:0000a430       $SG51210                   000000018002e430     flightControlSystem_sfun_registry.obj
 0003:0000a450       $SG51211                   000000018002e450     flightControlSystem_sfun_registry.obj
 0003:0000a4e0       $SG51215                   000000018002e4e0     flightControlSystem_sfun_registry.obj
 0003:0000a4f0       $SG51216                   000000018002e4f0     flightControlSystem_sfun_registry.obj
 0003:0000a580       $SG51220                   000000018002e580     flightControlSystem_sfun_registry.obj
 0003:0000a590       $SG51221                   000000018002e590     flightControlSystem_sfun_registry.obj
 0003:0000a620       $SG51225                   000000018002e620     flightControlSystem_sfun_registry.obj
 0003:0000a640       $SG51226                   000000018002e640     flightControlSystem_sfun_registry.obj
 0003:0000a6d0       $SG51230                   000000018002e6d0     flightControlSystem_sfun_registry.obj
 0003:0000a6f0       $SG51231                   000000018002e6f0     flightControlSystem_sfun_registry.obj
 0003:0000a780       $SG51235                   000000018002e780     flightControlSystem_sfun_registry.obj
 0003:0000a790       $SG51236                   000000018002e790     flightControlSystem_sfun_registry.obj
 0003:0000a820       $SG51244                   000000018002e820     flightControlSystem_sfun_registry.obj
 0003:0000a830       $SG51245                   000000018002e830     flightControlSystem_sfun_registry.obj
 0003:0000a8c0       $SG51251                   000000018002e8c0     flightControlSystem_sfun_registry.obj
 0003:0000a8d0       $SG51252                   000000018002e8d0     flightControlSystem_sfun_registry.obj
 0003:0000a960       $SG51256                   000000018002e960     flightControlSystem_sfun_registry.obj
 0003:0000a970       $SG51257                   000000018002e970     flightControlSystem_sfun_registry.obj
 0003:0000aa00       $SG51262                   000000018002ea00     flightControlSystem_sfun_registry.obj
 0003:0000aa10       $SG51263                   000000018002ea10     flightControlSystem_sfun_registry.obj
 0003:0000aaa0       $SG51267                   000000018002eaa0     flightControlSystem_sfun_registry.obj
 0003:0000ab20       $SG51290                   000000018002eb20     flightControlSystem_sfun_registry.obj
 0003:0000ac38       $SG51298                   000000018002ec38     flightControlSystem_sfun_registry.obj
 0003:0000ac48       $SG51305                   000000018002ec48     flightControlSystem_sfun_registry.obj
 0003:0000ac58       $SG51313                   000000018002ec58     flightControlSystem_sfun_registry.obj
 0003:0000ac68       $SG51320                   000000018002ec68     flightControlSystem_sfun_registry.obj
 0003:0000ac78       $SG51328                   000000018002ec78     flightControlSystem_sfun_registry.obj
 0003:0000ac88       $SG51335                   000000018002ec88     flightControlSystem_sfun_registry.obj
 0003:0000ac98       $SG51341                   000000018002ec98     flightControlSystem_sfun_registry.obj
 0003:0000acb8       $SG51351                   000000018002ecb8     flightControlSystem_sfun_registry.obj
 0003:0000ace8       $SG51352                   000000018002ece8     flightControlSystem_sfun_registry.obj
 0003:0000acf0       $SG51353                   000000018002ecf0     flightControlSystem_sfun_registry.obj
 0003:0000acf8       $SG51363                   000000018002ecf8     flightControlSystem_sfun_registry.obj
 0003:0000ad30       $SG51364                   000000018002ed30     flightControlSystem_sfun_registry.obj
 0003:0000ad38       $SG51365                   000000018002ed38     flightControlSystem_sfun_registry.obj
 0003:0000add0       sRtwOptimizationInfoStruct 000000018002edd0     flightControlSystem_sfun.obj
 0003:0000add8       sOptimizationInfoFlags     000000018002edd8     flightControlSystem_sfun.obj
 0003:0000ade0       $SG49566                   000000018002ede0     c4_flightControlSystem.obj
 0003:0000ade1       $SG49570                   000000018002ede1     c4_flightControlSystem.obj
 0003:0000ade2       $SG49574                   000000018002ede2     c4_flightControlSystem.obj
 0003:0000ade3       $SG49578                   000000018002ede3     c4_flightControlSystem.obj
 0003:0000ade4       $SG49582                   000000018002ede4     c4_flightControlSystem.obj
 0003:0000ade5       $SG49586                   000000018002ede5     c4_flightControlSystem.obj
 0003:0000ade6       $SG49590                   000000018002ede6     c4_flightControlSystem.obj
 0003:0000ade7       $SG49594                   000000018002ede7     c4_flightControlSystem.obj
 0003:0000ade8       $SG49598                   000000018002ede8     c4_flightControlSystem.obj
 0003:0000ade9       $SG49602                   000000018002ede9     c4_flightControlSystem.obj
 0003:0000adea       $SG49606                   000000018002edea     c4_flightControlSystem.obj
 0003:0000adeb       $SG49610                   000000018002edeb     c4_flightControlSystem.obj
 0003:0000adec       $SG49614                   000000018002edec     c4_flightControlSystem.obj
 0003:0000aded       $SG49618                   000000018002eded     c4_flightControlSystem.obj
 0003:0000adee       $SG49622                   000000018002edee     c4_flightControlSystem.obj
 0003:0000adef       $SG49626                   000000018002edef     c4_flightControlSystem.obj
 0003:0000adf0       $SG49630                   000000018002edf0     c4_flightControlSystem.obj
 0003:0000adf1       $SG49634                   000000018002edf1     c4_flightControlSystem.obj
 0003:0000adf2       $SG49638                   000000018002edf2     c4_flightControlSystem.obj
 0003:0000adf3       $SG49642                   000000018002edf3     c4_flightControlSystem.obj
 0003:0000adf4       $SG49646                   000000018002edf4     c4_flightControlSystem.obj
 0003:0000adf5       $SG49650                   000000018002edf5     c4_flightControlSystem.obj
 0003:0000adf6       $SG49654                   000000018002edf6     c4_flightControlSystem.obj
 0003:0000adf7       $SG49658                   000000018002edf7     c4_flightControlSystem.obj
 0003:0000adf8       $SG49662                   000000018002edf8     c4_flightControlSystem.obj
 0003:0000adf9       $SG49666                   000000018002edf9     c4_flightControlSystem.obj
 0003:0000adfa       $SG49670                   000000018002edfa     c4_flightControlSystem.obj
 0003:0000adfb       $SG49674                   000000018002edfb     c4_flightControlSystem.obj
 0003:0000adfc       $SG49678                   000000018002edfc     c4_flightControlSystem.obj
 0003:0000adfd       $SG49682                   000000018002edfd     c4_flightControlSystem.obj
 0003:0000adfe       $SG49686                   000000018002edfe     c4_flightControlSystem.obj
 0003:0000adff       $SG49690                   000000018002edff     c4_flightControlSystem.obj
 0003:0000ae00       $SG49694                   000000018002ee00     c4_flightControlSystem.obj
 0003:0000ae01       $SG49698                   000000018002ee01     c4_flightControlSystem.obj
 0003:0000ae02       $SG49702                   000000018002ee02     c4_flightControlSystem.obj
 0003:0000ae03       $SG49706                   000000018002ee03     c4_flightControlSystem.obj
 0003:0000ae04       $SG49710                   000000018002ee04     c4_flightControlSystem.obj
 0003:0000ae05       $SG49714                   000000018002ee05     c4_flightControlSystem.obj
 0003:0000ae06       $SG49718                   000000018002ee06     c4_flightControlSystem.obj
 0003:0000ae07       $SG49722                   000000018002ee07     c4_flightControlSystem.obj
 0003:0000ae08       $SG49726                   000000018002ee08     c4_flightControlSystem.obj
 0003:0000ae09       $SG49730                   000000018002ee09     c4_flightControlSystem.obj
 0003:0000ae0a       $SG49734                   000000018002ee0a     c4_flightControlSystem.obj
 0003:0000ae0b       $SG49738                   000000018002ee0b     c4_flightControlSystem.obj
 0003:0000ae0c       $SG49742                   000000018002ee0c     c4_flightControlSystem.obj
 0003:0000ae0d       $SG49746                   000000018002ee0d     c4_flightControlSystem.obj
 0003:0000ae0e       $SG49750                   000000018002ee0e     c4_flightControlSystem.obj
 0003:0000ae0f       $SG49754                   000000018002ee0f     c4_flightControlSystem.obj
 0003:0000ae10       $SG49758                   000000018002ee10     c4_flightControlSystem.obj
 0003:0000ae11       $SG49762                   000000018002ee11     c4_flightControlSystem.obj
 0003:0000ae12       $SG49766                   000000018002ee12     c4_flightControlSystem.obj
 0003:0000ae13       $SG49770                   000000018002ee13     c4_flightControlSystem.obj
 0003:0000ae14       $SG49774                   000000018002ee14     c4_flightControlSystem.obj
 0003:0000ae15       $SG49778                   000000018002ee15     c4_flightControlSystem.obj
 0003:0000ae16       $SG49782                   000000018002ee16     c4_flightControlSystem.obj
 0003:0000ae17       $SG49786                   000000018002ee17     c4_flightControlSystem.obj
 0003:0000ae18       $SG49790                   000000018002ee18     c4_flightControlSystem.obj
 0003:0000ae19       $SG49794                   000000018002ee19     c4_flightControlSystem.obj
 0003:0000ae1a       $SG49798                   000000018002ee1a     c4_flightControlSystem.obj
 0003:0000ae1b       $SG49802                   000000018002ee1b     c4_flightControlSystem.obj
 0003:0000ae1c       $SG49806                   000000018002ee1c     c4_flightControlSystem.obj
 0003:0000ae1d       $SG49810                   000000018002ee1d     c4_flightControlSystem.obj
 0003:0000ae1e       $SG49814                   000000018002ee1e     c4_flightControlSystem.obj
 0003:0000ae1f       $SG49818                   000000018002ee1f     c4_flightControlSystem.obj
 0003:0000ae20       $SG49822                   000000018002ee20     c4_flightControlSystem.obj
 0003:0000ae21       $SG49826                   000000018002ee21     c4_flightControlSystem.obj
 0003:0000ae22       $SG49830                   000000018002ee22     c4_flightControlSystem.obj
 0003:0000ae23       $SG49834                   000000018002ee23     c4_flightControlSystem.obj
 0003:0000ae24       $SG49838                   000000018002ee24     c4_flightControlSystem.obj
 0003:0000ae25       $SG49842                   000000018002ee25     c4_flightControlSystem.obj
 0003:0000ae26       $SG49846                   000000018002ee26     c4_flightControlSystem.obj
 0003:0000ae27       $SG49850                   000000018002ee27     c4_flightControlSystem.obj
 0003:0000ae28       $SG49863                   000000018002ee28     c4_flightControlSystem.obj
 0003:0000ae29       $SG49867                   000000018002ee29     c4_flightControlSystem.obj
 0003:0000ae2a       $SG49871                   000000018002ee2a     c4_flightControlSystem.obj
 0003:0000ae2b       $SG49875                   000000018002ee2b     c4_flightControlSystem.obj
 0003:0000ae2c       $SG49879                   000000018002ee2c     c4_flightControlSystem.obj
 0003:0000ae2d       $SG49883                   000000018002ee2d     c4_flightControlSystem.obj
 0003:0000ae2e       $SG49887                   000000018002ee2e     c4_flightControlSystem.obj
 0003:0000ae2f       $SG49891                   000000018002ee2f     c4_flightControlSystem.obj
 0003:0000ae30       $SG49895                   000000018002ee30     c4_flightControlSystem.obj
 0003:0000ae31       $SG49899                   000000018002ee31     c4_flightControlSystem.obj
 0003:0000ae32       $SG49903                   000000018002ee32     c4_flightControlSystem.obj
 0003:0000ae33       $SG49907                   000000018002ee33     c4_flightControlSystem.obj
 0003:0000ae34       $SG49911                   000000018002ee34     c4_flightControlSystem.obj
 0003:0000ae35       $SG49915                   000000018002ee35     c4_flightControlSystem.obj
 0003:0000ae36       $SG49919                   000000018002ee36     c4_flightControlSystem.obj
 0003:0000ae37       $SG49923                   000000018002ee37     c4_flightControlSystem.obj
 0003:0000ae38       $SG49927                   000000018002ee38     c4_flightControlSystem.obj
 0003:0000ae39       $SG49931                   000000018002ee39     c4_flightControlSystem.obj
 0003:0000ae3a       $SG49935                   000000018002ee3a     c4_flightControlSystem.obj
 0003:0000ae3b       $SG49939                   000000018002ee3b     c4_flightControlSystem.obj
 0003:0000ae3c       $SG50205                   000000018002ee3c     c4_flightControlSystem.obj
 0003:0000ae3d       $SG53432                   000000018002ee3d     c4_flightControlSystem.obj
 0003:0000ae3e       $SG53433                   000000018002ee3e     c4_flightControlSystem.obj
 0003:0000ae3f       $SG53563                   000000018002ee3f     c4_flightControlSystem.obj
 0003:0000ae40       _sfTime_                   000000018002ee40     c4_flightControlSystem.obj
 0003:0000ae50       ?newstr@?1??sf_c4_flightControlSystem_get_post_codegen_info@@9@9 000000018002ee50     c4_flightControlSystem.obj
 0003:0000b404       sfGlobalMdlStartCallCounts 000000018002f404     flightControlSystem_sfun_registry.obj
 0003:0000b408       $SG50754                   000000018002f408     flightControlSystem_sfun_registry.obj
 0003:0000b40a       ?warningGuard@?1??ssGetRootSS@@9@9 000000018002f40a     flightControlSystem_sfun_registry.obj
 0003:0000b40b       ?warningGuard@?1??ssGetParentSS@@9@9 000000018002f40b     flightControlSystem_sfun_registry.obj
 0003:0000b410       GS_ExceptionRecord         000000018002f410     MSVCRT:gs_report.obj
 0003:0000b4b0       GS_ContextRecord           000000018002f4b0     MSVCRT:gs_report.obj
 0003:0000b980       ?__proc_attached@@3HA      000000018002f980     MSVCRT:dll_dllmain.obj
 0003:0000b9c0       ?is_initialized_as_dll@@3_NA 000000018002f9c0     MSVCRT:utility.obj
 0003:0000b9c1       ?module_local_atexit_table_initialized@@3_NA 000000018002f9c1     MSVCRT:utility.obj
 0003:0000b9c8       ?module_local_atexit_table@@3U_onexit_table_t@@A 000000018002f9c8     MSVCRT:utility.obj
 0003:0000b9e0       ?module_local_at_quick_exit_table@@3U_onexit_table_t@@A 000000018002f9e0     MSVCRT:utility.obj
